#
# A fatal error has been detected by the Java Runtime Environment:
#
#  SIGBUS (0x7) at pc=0x00007f66ae1ef0e0, pid=176426, tid=176436
#
# JRE version: OpenJDK Runtime Environment (17.0.18+8) (build 17.0.18+8-Ubuntu-124.04.1)
# Java VM: OpenJDK 64-Bit Server VM (17.0.18+8-Ubuntu-124.04.1, mixed mode, sharing, tiered, compressed oops, compressed class ptrs, g1 gc, linux-amd64)
# Problematic frame:
# V  [libjvm.so+0xdef0e0]  StackOverflow::reguard_stack_if_needed()+0x0
#
# Core dump will be written. Default location: Core dumps may be processed with "/usr/share/apport/apport -p%p -s%s -c%c -d%d -P%P -u%u -g%g -F%F -- %E" (or dumping to /media/minh/a90d50b9-c0a4-4995-9933-b44a73068a0e/VieTTS/core.176426)
#
# If you would like to submit a bug report, please visit:
#   https://bugs.launchpad.net/ubuntu/+source/openjdk-17
#

---------------  S U M M A R Y ------------

Command Line: -Djava.awt.headless=true -Dapple.awt.UIElement=true /media/minh/a90d50b9-c0a4-4995-9933-b44a73068a0e/VieTTS/.venv/lib/python3.12/site-packages/opendataloader_pdf/jar/opendataloader-pdf-cli.jar /tmp/tmp639fymyd/page_404.pdf --output-dir /tmp/tmp639fymyd/output --format json

Host: Intel(R) Core(TM) i3-5005U CPU @ 2.00GHz, 4 cores, 15G, Ubuntu 24.04.3 LTS
Time: Sat May 23 04:28:47 2026 CEST elapsed time: 39496.877572 seconds (0d 10h 58m 16s)

---------------  T H R E A D  ---------------

Current thread (0x00007f66a8172ab0):  JavaThread "Signal Dispatcher" daemon [_thread_in_vm, id=176436, stack(0x00007f6679500000,0x00007f6679600000)]

Stack: [0x00007f6679500000,0x00007f6679600000],  sp=0x00007f66795fe978,  free space=1018k
Native frames: (J=compiled Java code, j=interpreted, Vv=VM code, C=native code)
V  [libjvm.so+0xdef0e0]  StackOverflow::reguard_stack_if_needed()+0x0
V  [libjvm.so+0x838523]  JavaCalls::call_static(JavaValue*, Klass*, Symbol*, Symbol*, JavaCallArguments*, JavaThread*)+0x113
V  [libjvm.so+0xc363d7]  signal_thread_entry(JavaThread*, JavaThread*)+0x2a7
V  [libjvm.so+0xebce47]  JavaThread::thread_main_inner()+0x1b7
V  [libjvm.so+0xec0c19]  Thread::call_run()+0xa9
V  [libjvm.so+0xc4255b]  thread_native_entry(Thread*)+0xeb
C  [libc.so.6+0x9caa4]


siginfo: si_signo: 7 (SIGBUS), si_code: 2 (BUS_ADRERR), si_addr: 0x00007f66ae1ef0e0

Registers:
RAX=0x00007f662b074a58, RBX=0x00007f66a8172ab0, RCX=0x00000060003ec440, RDX=0x00007f66ae46d3a0
RSP=0x00007f66795fe978, RBP=0x00007f66795fea50, RSI=0x00000000ffffffff, RDI=0x00007f66a8172e58
R8 =0x00007f66a8172ab0, R9 =0x00007f662b45b220, R10=0x0000000000000000, R11=0x0000000000000001
R12=0x00007f66795febc0, R13=0x00007f66795fec40, R14=0x00007f66795fea60, R15=0x0000000000000000
RIP=0x00007f66ae1ef0e0, EFLAGS=0x0000000000010202, CSGSFS=0x002b000000000033, ERR=0x0000000000000014
  TRAPNO=0x000000000000000e

XMM[0]=0x00007f66a8172ab0 0x00007f662b074a58
XMM[1]=0x0000000000000000 0x00007f66a8172ab0
XMM[2]=0x0000000000000000 0x00007f66795fec09
XMM[3]=0x00007f66a8173070 0x00007f66a8173060
XMM[4]=0x0000000000000000 0x0000000000000000
XMM[5]=0x0000000000000000 0x0000000000000000
XMM[6]=0x00007f66ae6fbc90 0x0000000000000004
XMM[7]=0x00007f66aeaacc17 0x00007f66795fee60
XMM[8]=0x7c8b483824448b4c 0x30244c8b4c282454
XMM[9]=0x6161616161616161 0x6161616161616161
XMM[10]=0x6161616161616161 0x61611e6115190415
XMM[11]=0x240ca1cc0fc19dc6 0xefbe4786e49b69c1
XMM[12]=0xc19bf1749bdc06a7 0x80deb1fe72be5d74
XMM[13]=0x550c7dc3243185be 0x12835b01d807aa98
XMM[14]=0xab1c5ed5923f82a4 0x59f111f13956c25b
XMM[15]=0x0000000000000000 0x0000000000000000
  MXCSR=0x00001fa0


Register to memory mapping:

RAX={method} {0x00007f662b074a58} 'dispatch' '(I)V' in 'jdk/internal/misc/Signal'
RBX=0x00007f66a8172ab0 is a thread
RCX=0x00000060003ec440 is an unknown value
RDX=0x00007f66ae46d3a0: <offset 0x000000000106d3a0> in /usr/lib/jvm/java-17-openjdk-amd64/lib/server/libjvm.so at 0x00007f66ad400000
RSP=0x00007f66795fe978 is pointing into the stack for thread: 0x00007f66a8172ab0
RBP=0x00007f66795fea50 is pointing into the stack for thread: 0x00007f66a8172ab0
RSI=0x00000000ffffffff is an unknown value
RDI=0x00007f66a8172e58 points into unknown readable memory: 0x0000000000000003 | 03 00 00 00 00 00 00 00
R8 =0x00007f66a8172ab0 is a thread
R9 =0x00007f662b45b220 is pointing into metadata
R10=0x0 is NULL
R11=0x0000000000000001 is an unknown value
R12=0x00007f66795febc0 is pointing into the stack for thread: 0x00007f66a8172ab0
R13=0x00007f66795fec40 is pointing into the stack for thread: 0x00007f66a8172ab0
R14=0x00007f66795fea60 is pointing into the stack for thread: 0x00007f66a8172ab0
R15=0x0 is NULL


Top of Stack: (sp=0x00007f66795fe978)
0x00007f66795fe978:   00007f66adc37eae 0000000000000000
0x00007f66795fe988:   00007f662b074a58 0000000e0000000a
0x00007f66795fe998:   00007f6698943540 0000000000000000
0x00007f66795fe9a8:   0000000000000000 0000000000000000
0x00007f66795fe9b8:   0000000000000000 0000000000000000
0x00007f66795fe9c8:   0000000000000000 0000000000000000
0x00007f66795fe9d8:   00007f662b4559d8 00007f66a8172ab0
0x00007f66795fe9e8:   00007f662b4559d8 00007f66795feb20
0x00007f66795fe9f8:   00007f66ae2717bd 0000000000000000
0x00007f66795fea08:   00007f66ae898d7c 0000000000000000
0x00007f66795fea18:   0000000000000000 00007f66a8002810
0x00007f66795fea28:   00007f66a8172ab0 00007f66795fec40
0x00007f66795fea38:   00007f66795febc0 00007f66795fea60
0x00007f66795fea48:   00007f66a8172670 00007f66795feb20
0x00007f66795fea58:   00007f66adc38523 00007f662b074a58
0x00007f66795fea68:   00007f66a8172ab0 00007f662b458e80
0x00007f66795fea78:   00007f662b45b220 00007f662b073c48
0x00007f66795fea88:   0000000000000000 0000000000000000
0x00007f66795fea98:   0000000000000000 00007f6679000000
0x00007f66795feaa8:   00007f66ae0f7808 00007f662b073c48
0x00007f66795feab8:   00007f662b074a58 00007f66a8172ab0
0x00007f66795feac8:   00007f662b074a58 00007f66a8172ab0
0x00007f66795fead8:   fffffffe00000000 0000000000000000
0x00007f66795feae8:   0000000000000000 00007f66795feae0
0x00007f66795feaf8:   0000000000000001 00007f66a8172ab0
0x00007f66795feb08:   00007f66ae76a2c0 00007f66795feb80
0x00007f66795feb18:   00007f66a8173020 00007f66795fed70
0x00007f66795feb28:   00007f66ae0363d7 00007f66795febc8
0x00007f66795feb38:   00007f66795fec09 00007f66795fec10
0x00007f66795feb48:   00007f66795feb80 00007f66795fed50
0x00007f66795feb58:   00007f66a8172ab0 00000000000003d8
0x00007f66795feb68:   00007f66a8173020 00007f66795fec40 

Instructions: (pc=0x00007f66ae1ef0e0)
0x00007f66ae1eefe0:   8b 5d f8 b8 01 00 00 00 c9 c3 66 0f 1f 44 00 00
0x00007f66ae1eeff0:   48 89 df e8 d8 fc ff ff 48 8b 43 18 48 3b 43 10
0x00007f66ae1ef000:   0f 84 7d ff ff ff 48 89 43 10 e9 74 ff ff ff 90
0x00007f66ae1ef010:   f3 0f 1e fa 55 48 89 e5 53 48 89 fb 48 83 ec 08
0x00007f66ae1ef020:   e8 8b 82 e5 ff 8b 0b 8d 51 ff 83 fa 01 77 35 48
0x00007f66ae1ef030:   8b 15 52 66 57 00 48 03 15 53 66 57 00 48 03 15
0x00007f66ae1ef040:   3c 66 57 00 48 03 53 20 48 39 c2 73 23 83 f9 02
0x00007f66ae1ef050:   74 6e 48 8b 43 18 31 f6 48 89 df 48 89 43 10 e8
0x00007f66ae1ef060:   0c fb ff ff 48 8b 5d f8 b8 01 00 00 00 c9 c3 90
0x00007f66ae1ef070:   48 8d 05 d1 12 51 00 48 8d 0d 0a 4d 25 00 48 8d
0x00007f66ae1ef080:   15 3b 4d 25 00 be fb 00 00 00 48 8d 3d 27 4b 25
0x00007f66ae1ef090:   00 48 8b 00 c6 00 58 31 c0 e8 32 fe 81 ff e8 0d
0x00007f66ae1ef0a0:   e3 e4 ff 8b 03 83 f8 02 74 16 83 f8 01 74 a3 48
0x00007f66ae1ef0b0:   8b 5d f8 b8 01 00 00 00 c9 c3 66 0f 1f 44 00 00
0x00007f66ae1ef0c0:   48 89 df e8 08 fc ff ff 48 8b 43 18 48 39 43 10
0x00007f66ae1ef0d0:   74 92 48 89 43 10 eb 8c 0f 1f 84 00 00 00 00 00
0x00007f66ae1ef0e0:   f3 0f 1e fa 83 3f 03 75 07 b8 01 00 00 00 c3 90
0x00007f66ae1ef0f0:   55 48 89 e5 53 48 89 fb 48 83 ec 08 e8 af 81 e5
0x00007f66ae1ef100:   ff 8b 0b 8d 51 ff 83 fa 01 77 35 48 8b 15 76 65
0x00007f66ae1ef110:   57 00 48 03 15 77 65 57 00 48 03 15 60 65 57 00
0x00007f66ae1ef120:   48 03 53 20 48 39 c2 73 27 83 f9 02 74 6a 48 8b
0x00007f66ae1ef130:   43 18 31 f6 48 89 df 48 89 43 10 e8 30 fa ff ff
0x00007f66ae1ef140:   48 8b 5d f8 b8 01 00 00 00 c9 c3 0f 1f 44 00 00
0x00007f66ae1ef150:   48 8d 05 f1 11 51 00 48 8d 0d 2a 4c 25 00 48 8d
0x00007f66ae1ef160:   15 5b 4c 25 00 be fb 00 00 00 48 8d 3d 47 4a 25
0x00007f66ae1ef170:   00 48 8b 00 c6 00 58 31 c0 e8 52 fd 81 ff e8 2d
0x00007f66ae1ef180:   e2 e4 ff 8b 03 83 f8 02 74 0e 83 f8 01 75 b1 eb
0x00007f66ae1ef190:   9d 0f 1f 80 00 00 00 00 48 89 df e8 30 fb ff ff
0x00007f66ae1ef1a0:   48 8b 43 18 48 39 43 10 74 96 48 89 43 10 eb 90
0x00007f66ae1ef1b0:   f3 0f 1e fa 55 48 89 e5 41 55 41 54 53 48 83 ec
0x00007f66ae1ef1c0:   08 8b 07 85 c0 0f 85 15 01 00 00 48 8d 05 8e 80
0x00007f66ae1ef1d0:   55 00 48 89 fb 80 38 00 74 0d e8 21 e4 e4 ff 84 


Stack slot to memory mapping:
stack at sp + 0 slots: 0x00007f66adc37eae: <offset 0x0000000000837eae> in /usr/lib/jvm/java-17-openjdk-amd64/lib/server/libjvm.so at 0x00007f66ad400000
stack at sp + 1 slots: 0x0 is NULL
stack at sp + 2 slots: {method} {0x00007f662b074a58} 'dispatch' '(I)V' in 'jdk/internal/misc/Signal'
stack at sp + 3 slots: 0x0000000e0000000a is an unknown value
stack at sp + 4 slots: 0x00007f6698943540 is at code_begin+0 in an Interpreter codelet
method entry point (kind = zerolocals)  [0x00007f6698943540, 0x00007f6698943900]  960 bytes
stack at sp + 5 slots: 0x0 is NULL
stack at sp + 6 slots: 0x0 is NULL
stack at sp + 7 slots: 0x0 is NULL


---------------  P R O C E S S  ---------------

Threads class SMR info:
_java_thread_list=0x00007f65e0056e10, length=12, elements={
0x00007f66a8018d70, 0x00007f66a816c110, 0x00007f66a816d500, 0x00007f66a8172ab0,
0x00007f66a8173e70, 0x00007f66a8175290, 0x00007f66a8176c50, 0x00007f66a8178190,
0x00007f66a8179610, 0x00007f66a8180d50, 0x00007f66a8184200, 0x00007f66a8230b90
}

Java Threads: ( => current thread )
  0x00007f66a8018d70 JavaThread "main" [_thread_in_Java, id=176427, stack(0x00007f66acf00000,0x00007f66ad000000)]
  0x00007f66a816c110 JavaThread "Reference Handler" daemon [_thread_blocked, id=176434, stack(0x00007f6679d2e000,0x00007f6679e2e000)]
  0x00007f66a816d500 JavaThread "Finalizer" daemon [_thread_blocked, id=176435, stack(0x00007f6679c2e000,0x00007f6679d2e000)]
=>0x00007f66a8172ab0 JavaThread "Signal Dispatcher" daemon [_thread_in_vm, id=176436, stack(0x00007f6679500000,0x00007f6679600000)]
  0x00007f66a8173e70 JavaThread "Service Thread" daemon [_thread_blocked, id=176437, stack(0x00007f6679400000,0x00007f6679500000)]
  0x00007f66a8175290 JavaThread "Monitor Deflation Thread" daemon [_thread_blocked, id=176438, stack(0x00007f6679300000,0x00007f6679400000)]
  0x00007f66a8176c50 JavaThread "C2 CompilerThread0" daemon [_thread_blocked, id=176439, stack(0x00007f6679200000,0x00007f6679300000)]
  0x00007f66a8178190 JavaThread "C1 CompilerThread0" daemon [_thread_blocked, id=176440, stack(0x00007f6679100000,0x00007f6679200000)]
  0x00007f66a8179610 JavaThread "Sweeper thread" daemon [_thread_blocked, id=176441, stack(0x00007f6679000000,0x00007f6679100000)]
  0x00007f66a8180d50 JavaThread "Notification Thread" daemon [_thread_blocked, id=176442, stack(0x00007f6678f00000,0x00007f6679000000)]
  0x00007f66a8184200 JavaThread "Common-Cleaner" daemon [_thread_blocked, id=176444, stack(0x00007f6678cff000,0x00007f6678dff000)]
  0x00007f66a8230b90 JavaThread "Java2D Disposer" daemon [_thread_blocked, id=176445, stack(0x00007f6678b00000,0x00007f6678c00000)]

Other Threads:
  0x00007f66a81684f0 VMThread "VM Thread" [stack: 0x00007f6679e2f000,0x00007f6679f2f000] [id=176433] _threads_hazard_ptr=0x00007f65e0056e10
  0x00007f66a81826a0 WatcherThread [stack: 0x00007f6678e00000,0x00007f6678f00000] [id=176443]
  0x00007f66a8083ad0 GCTaskThread "GC Thread#0" [stack: 0x00007f66ac060000,0x00007f66ac160000] [id=176428]
  0x00007f6670005830 GCTaskThread "GC Thread#1" [stack: 0x00007f6678a00000,0x00007f6678b00000] [id=176446]
  0x00007f6670006280 GCTaskThread "GC Thread#2" [stack: 0x00007f66788ff000,0x00007f66789ff000] [id=176447]
  0x00007f6670006cd0 GCTaskThread "GC Thread#3" [stack: 0x00007f66787fe000,0x00007f66788fe000] [id=176448]
  0x00007f66a8094990 ConcurrentGCThread "G1 Main Marker" [stack: 0x00007f66a7f00000,0x00007f66a8000000] [id=176429]
  0x00007f66a8095910 ConcurrentGCThread "G1 Conc#0" [stack: 0x00007f6688714000,0x00007f6688814000] [id=176430]
  0x00007f66a81392c0 ConcurrentGCThread "G1 Refine#0" [stack: 0x00007f668820f000,0x00007f668830f000] [id=176431]
  0x00007f66a813a1d0 ConcurrentGCThread "G1 Service" [stack: 0x00007f668810e000,0x00007f668820e000] [id=176432]

Threads with active compile tasks:

VM state: not at safepoint (normal execution)

VM Mutex/Monitor currently owned by a thread: None

Heap address: 0x0000000707400000, size: 3980 MB, Compressed Oops mode: Zero based, Oop shift amount: 3

CDS archive(s) mapped at: [0x00007f662b000000-0x00007f662bbca000-0x00007f662bbca000), size 12361728, SharedBaseAddress: 0x00007f662b000000, ArchiveRelocationMode: 1.
Compressed class space mapped at: 0x00007f662c000000-0x00007f666c000000, reserved size: 1073741824
Narrow klass base: 0x00007f662b000000, Narrow klass shift: 0, Narrow klass range: 0x100000000

GC Precious Log:
 CPUs: 4 total, 4 available
 Memory: 15912M
 Large Page Support: Disabled
 NUMA Support: Disabled
 Compressed Oops: Enabled (Zero based)
 Heap Region Size: 2M
 Heap Min Capacity: 8M
 Heap Initial Capacity: 250M
 Heap Max Capacity: 3980M
 Pre-touch: Disabled
 Parallel Workers: 4
 Concurrent Workers: 1
 Concurrent Refinement Workers: 4
 Periodic GC: Disabled

Heap:
 garbage-first heap   total 260096K, used 30202K [0x0000000707400000, 0x0000000800000000)
  region size 2048K, 13 young (26624K), 1 survivors (2048K)
 Metaspace       used 7104K, committed 7360K, reserved 1114112K
  class space    used 676K, committed 768K, reserved 1048576K

Heap Regions: E=young(eden), S=young(survivor), O=old, HS=humongous(starts), HC=humongous(continues), CS=collection set, F=free, OA=open archive, CA=closed archive, TAMS=top-at-mark-start (previous, next)
|   0|0x0000000707400000, 0x0000000707451c00, 0x0000000707600000| 15%| O|  |TAMS 0x0000000707400000, 0x0000000707400000| Untracked 
|   1|0x0000000707600000, 0x0000000707800000, 0x0000000707800000|100%|HS|  |TAMS 0x0000000707600000, 0x0000000707600000| Complete 
|   2|0x0000000707800000, 0x0000000707a00000, 0x0000000707a00000|100%| O|  |TAMS 0x0000000707800000, 0x0000000707800000| Untracked 
|   3|0x0000000707a00000, 0x0000000707a00000, 0x0000000707c00000|  0%| F|  |TAMS 0x0000000707a00000, 0x0000000707a00000| Untracked 
|   4|0x0000000707c00000, 0x0000000707c00000, 0x0000000707e00000|  0%| F|  |TAMS 0x0000000707c00000, 0x0000000707c00000| Untracked 
|   5|0x0000000707e00000, 0x0000000707e00000, 0x0000000708000000|  0%| F|  |TAMS 0x0000000707e00000, 0x0000000707e00000| Untracked 
|   6|0x0000000708000000, 0x0000000708000000, 0x0000000708200000|  0%| F|  |TAMS 0x0000000708000000, 0x0000000708000000| Untracked 
|   7|0x0000000708200000, 0x0000000708200000, 0x0000000708400000|  0%| F|  |TAMS 0x0000000708200000, 0x0000000708200000| Untracked 
|   8|0x0000000708400000, 0x0000000708400000, 0x0000000708600000|  0%| F|  |TAMS 0x0000000708400000, 0x0000000708400000| Untracked 
|   9|0x0000000708600000, 0x0000000708600000, 0x0000000708800000|  0%| F|  |TAMS 0x0000000708600000, 0x0000000708600000| Untracked 
|  10|0x0000000708800000, 0x0000000708800000, 0x0000000708a00000|  0%| F|  |TAMS 0x0000000708800000, 0x0000000708800000| Untracked 
|  11|0x0000000708a00000, 0x0000000708a00000, 0x0000000708c00000|  0%| F|  |TAMS 0x0000000708a00000, 0x0000000708a00000| Untracked 
|  12|0x0000000708c00000, 0x0000000708c00000, 0x0000000708e00000|  0%| F|  |TAMS 0x0000000708c00000, 0x0000000708c00000| Untracked 
|  13|0x0000000708e00000, 0x0000000708e00000, 0x0000000709000000|  0%| F|  |TAMS 0x0000000708e00000, 0x0000000708e00000| Untracked 
|  14|0x0000000709000000, 0x0000000709000000, 0x0000000709200000|  0%| F|  |TAMS 0x0000000709000000, 0x0000000709000000| Untracked 
|  15|0x0000000709200000, 0x0000000709200000, 0x0000000709400000|  0%| F|  |TAMS 0x0000000709200000, 0x0000000709200000| Untracked 
|  16|0x0000000709400000, 0x0000000709400000, 0x0000000709600000|  0%| F|  |TAMS 0x0000000709400000, 0x0000000709400000| Untracked 
|  17|0x0000000709600000, 0x0000000709600000, 0x0000000709800000|  0%| F|  |TAMS 0x0000000709600000, 0x0000000709600000| Untracked 
|  18|0x0000000709800000, 0x0000000709800000, 0x0000000709a00000|  0%| F|  |TAMS 0x0000000709800000, 0x0000000709800000| Untracked 
|  19|0x0000000709a00000, 0x0000000709a00000, 0x0000000709c00000|  0%| F|  |TAMS 0x0000000709a00000, 0x0000000709a00000| Untracked 
|  20|0x0000000709c00000, 0x0000000709c00000, 0x0000000709e00000|  0%| F|  |TAMS 0x0000000709c00000, 0x0000000709c00000| Untracked 
|  21|0x0000000709e00000, 0x0000000709e00000, 0x000000070a000000|  0%| F|  |TAMS 0x0000000709e00000, 0x0000000709e00000| Untracked 
|  22|0x000000070a000000, 0x000000070a000000, 0x000000070a200000|  0%| F|  |TAMS 0x000000070a000000, 0x000000070a000000| Untracked 
|  23|0x000000070a200000, 0x000000070a200000, 0x000000070a400000|  0%| F|  |TAMS 0x000000070a200000, 0x000000070a200000| Untracked 
|  24|0x000000070a400000, 0x000000070a400000, 0x000000070a600000|  0%| F|  |TAMS 0x000000070a400000, 0x000000070a400000| Untracked 
|  25|0x000000070a600000, 0x000000070a600000, 0x000000070a800000|  0%| F|  |TAMS 0x000000070a600000, 0x000000070a600000| Untracked 
|  26|0x000000070a800000, 0x000000070a800000, 0x000000070aa00000|  0%| F|  |TAMS 0x000000070a800000, 0x000000070a800000| Untracked 
|  27|0x000000070aa00000, 0x000000070aa00000, 0x000000070ac00000|  0%| F|  |TAMS 0x000000070aa00000, 0x000000070aa00000| Untracked 
|  28|0x000000070ac00000, 0x000000070ac00000, 0x000000070ae00000|  0%| F|  |TAMS 0x000000070ac00000, 0x000000070ac00000| Untracked 
|  29|0x000000070ae00000, 0x000000070ae00000, 0x000000070b000000|  0%| F|  |TAMS 0x000000070ae00000, 0x000000070ae00000| Untracked 
|  30|0x000000070b000000, 0x000000070b000000, 0x000000070b200000|  0%| F|  |TAMS 0x000000070b000000, 0x000000070b000000| Untracked 
|  31|0x000000070b200000, 0x000000070b200000, 0x000000070b400000|  0%| F|  |TAMS 0x000000070b200000, 0x000000070b200000| Untracked 
|  32|0x000000070b400000, 0x000000070b400000, 0x000000070b600000|  0%| F|  |TAMS 0x000000070b400000, 0x000000070b400000| Untracked 
|  33|0x000000070b600000, 0x000000070b600000, 0x000000070b800000|  0%| F|  |TAMS 0x000000070b600000, 0x000000070b600000| Untracked 
|  34|0x000000070b800000, 0x000000070b800000, 0x000000070ba00000|  0%| F|  |TAMS 0x000000070b800000, 0x000000070b800000| Untracked 
|  35|0x000000070ba00000, 0x000000070ba00000, 0x000000070bc00000|  0%| F|  |TAMS 0x000000070ba00000, 0x000000070ba00000| Untracked 
|  36|0x000000070bc00000, 0x000000070bc00000, 0x000000070be00000|  0%| F|  |TAMS 0x000000070bc00000, 0x000000070bc00000| Untracked 
|  37|0x000000070be00000, 0x000000070be00000, 0x000000070c000000|  0%| F|  |TAMS 0x000000070be00000, 0x000000070be00000| Untracked 
|  38|0x000000070c000000, 0x000000070c000000, 0x000000070c200000|  0%| F|  |TAMS 0x000000070c000000, 0x000000070c000000| Untracked 
|  39|0x000000070c200000, 0x000000070c200000, 0x000000070c400000|  0%| F|  |TAMS 0x000000070c200000, 0x000000070c200000| Untracked 
|  40|0x000000070c400000, 0x000000070c400000, 0x000000070c600000|  0%| F|  |TAMS 0x000000070c400000, 0x000000070c400000| Untracked 
|  41|0x000000070c600000, 0x000000070c600000, 0x000000070c800000|  0%| F|  |TAMS 0x000000070c600000, 0x000000070c600000| Untracked 
|  42|0x000000070c800000, 0x000000070c800000, 0x000000070ca00000|  0%| F|  |TAMS 0x000000070c800000, 0x000000070c800000| Untracked 
|  43|0x000000070ca00000, 0x000000070ca00000, 0x000000070cc00000|  0%| F|  |TAMS 0x000000070ca00000, 0x000000070ca00000| Untracked 
|  44|0x000000070cc00000, 0x000000070cc00000, 0x000000070ce00000|  0%| F|  |TAMS 0x000000070cc00000, 0x000000070cc00000| Untracked 
|  45|0x000000070ce00000, 0x000000070ce00000, 0x000000070d000000|  0%| F|  |TAMS 0x000000070ce00000, 0x000000070ce00000| Untracked 
|  46|0x000000070d000000, 0x000000070d000000, 0x000000070d200000|  0%| F|  |TAMS 0x000000070d000000, 0x000000070d000000| Untracked 
|  47|0x000000070d200000, 0x000000070d200000, 0x000000070d400000|  0%| F|  |TAMS 0x000000070d200000, 0x000000070d200000| Untracked 
|  48|0x000000070d400000, 0x000000070d400000, 0x000000070d600000|  0%| F|  |TAMS 0x000000070d400000, 0x000000070d400000| Untracked 
|  49|0x000000070d600000, 0x000000070d600000, 0x000000070d800000|  0%| F|  |TAMS 0x000000070d600000, 0x000000070d600000| Untracked 
|  50|0x000000070d800000, 0x000000070d800000, 0x000000070da00000|  0%| F|  |TAMS 0x000000070d800000, 0x000000070d800000| Untracked 
|  51|0x000000070da00000, 0x000000070da00000, 0x000000070dc00000|  0%| F|  |TAMS 0x000000070da00000, 0x000000070da00000| Untracked 
|  52|0x000000070dc00000, 0x000000070dc00000, 0x000000070de00000|  0%| F|  |TAMS 0x000000070dc00000, 0x000000070dc00000| Untracked 
|  53|0x000000070de00000, 0x000000070de00000, 0x000000070e000000|  0%| F|  |TAMS 0x000000070de00000, 0x000000070de00000| Untracked 
|  54|0x000000070e000000, 0x000000070e000000, 0x000000070e200000|  0%| F|  |TAMS 0x000000070e000000, 0x000000070e000000| Untracked 
|  55|0x000000070e200000, 0x000000070e200000, 0x000000070e400000|  0%| F|  |TAMS 0x000000070e200000, 0x000000070e200000| Untracked 
|  56|0x000000070e400000, 0x000000070e400000, 0x000000070e600000|  0%| F|  |TAMS 0x000000070e400000, 0x000000070e400000| Untracked 
|  57|0x000000070e600000, 0x000000070e600000, 0x000000070e800000|  0%| F|  |TAMS 0x000000070e600000, 0x000000070e600000| Untracked 
|  58|0x000000070e800000, 0x000000070e800000, 0x000000070ea00000|  0%| F|  |TAMS 0x000000070e800000, 0x000000070e800000| Untracked 
|  59|0x000000070ea00000, 0x000000070ea00000, 0x000000070ec00000|  0%| F|  |TAMS 0x000000070ea00000, 0x000000070ea00000| Untracked 
|  60|0x000000070ec00000, 0x000000070ec00000, 0x000000070ee00000|  0%| F|  |TAMS 0x000000070ec00000, 0x000000070ec00000| Untracked 
|  61|0x000000070ee00000, 0x000000070ee00000, 0x000000070f000000|  0%| F|  |TAMS 0x000000070ee00000, 0x000000070ee00000| Untracked 
|  62|0x000000070f000000, 0x000000070f000000, 0x000000070f200000|  0%| F|  |TAMS 0x000000070f000000, 0x000000070f000000| Untracked 
|  63|0x000000070f200000, 0x000000070f200000, 0x000000070f400000|  0%| F|  |TAMS 0x000000070f200000, 0x000000070f200000| Untracked 
|  64|0x000000070f400000, 0x000000070f400000, 0x000000070f600000|  0%| F|  |TAMS 0x000000070f400000, 0x000000070f400000| Untracked 
|  65|0x000000070f600000, 0x000000070f600000, 0x000000070f800000|  0%| F|  |TAMS 0x000000070f600000, 0x000000070f600000| Untracked 
|  66|0x000000070f800000, 0x000000070f800000, 0x000000070fa00000|  0%| F|  |TAMS 0x000000070f800000, 0x000000070f800000| Untracked 
|  67|0x000000070fa00000, 0x000000070fa00000, 0x000000070fc00000|  0%| F|  |TAMS 0x000000070fa00000, 0x000000070fa00000| Untracked 
|  68|0x000000070fc00000, 0x000000070fc00000, 0x000000070fe00000|  0%| F|  |TAMS 0x000000070fc00000, 0x000000070fc00000| Untracked 
|  69|0x000000070fe00000, 0x000000070fe00000, 0x0000000710000000|  0%| F|  |TAMS 0x000000070fe00000, 0x000000070fe00000| Untracked 
|  70|0x0000000710000000, 0x0000000710000000, 0x0000000710200000|  0%| F|  |TAMS 0x0000000710000000, 0x0000000710000000| Untracked 
|  71|0x0000000710200000, 0x0000000710200000, 0x0000000710400000|  0%| F|  |TAMS 0x0000000710200000, 0x0000000710200000| Untracked 
|  72|0x0000000710400000, 0x0000000710400000, 0x0000000710600000|  0%| F|  |TAMS 0x0000000710400000, 0x0000000710400000| Untracked 
|  73|0x0000000710600000, 0x0000000710600000, 0x0000000710800000|  0%| F|  |TAMS 0x0000000710600000, 0x0000000710600000| Untracked 
|  74|0x0000000710800000, 0x0000000710800000, 0x0000000710a00000|  0%| F|  |TAMS 0x0000000710800000, 0x0000000710800000| Untracked 
|  75|0x0000000710a00000, 0x0000000710a00000, 0x0000000710c00000|  0%| F|  |TAMS 0x0000000710a00000, 0x0000000710a00000| Untracked 
|  76|0x0000000710c00000, 0x0000000710c00000, 0x0000000710e00000|  0%| F|  |TAMS 0x0000000710c00000, 0x0000000710c00000| Untracked 
|  77|0x0000000710e00000, 0x0000000710e00000, 0x0000000711000000|  0%| F|  |TAMS 0x0000000710e00000, 0x0000000710e00000| Untracked 
|  78|0x0000000711000000, 0x0000000711000000, 0x0000000711200000|  0%| F|  |TAMS 0x0000000711000000, 0x0000000711000000| Untracked 
|  79|0x0000000711200000, 0x0000000711200000, 0x0000000711400000|  0%| F|  |TAMS 0x0000000711200000, 0x0000000711200000| Untracked 
|  80|0x0000000711400000, 0x0000000711400000, 0x0000000711600000|  0%| F|  |TAMS 0x0000000711400000, 0x0000000711400000| Untracked 
|  81|0x0000000711600000, 0x0000000711600000, 0x0000000711800000|  0%| F|  |TAMS 0x0000000711600000, 0x0000000711600000| Untracked 
|  82|0x0000000711800000, 0x0000000711800000, 0x0000000711a00000|  0%| F|  |TAMS 0x0000000711800000, 0x0000000711800000| Untracked 
|  83|0x0000000711a00000, 0x0000000711a00000, 0x0000000711c00000|  0%| F|  |TAMS 0x0000000711a00000, 0x0000000711a00000| Untracked 
|  84|0x0000000711c00000, 0x0000000711c00000, 0x0000000711e00000|  0%| F|  |TAMS 0x0000000711c00000, 0x0000000711c00000| Untracked 
|  85|0x0000000711e00000, 0x0000000711e00000, 0x0000000712000000|  0%| F|  |TAMS 0x0000000711e00000, 0x0000000711e00000| Untracked 
|  86|0x0000000712000000, 0x0000000712000000, 0x0000000712200000|  0%| F|  |TAMS 0x0000000712000000, 0x0000000712000000| Untracked 
|  87|0x0000000712200000, 0x0000000712200000, 0x0000000712400000|  0%| F|  |TAMS 0x0000000712200000, 0x0000000712200000| Untracked 
|  88|0x0000000712400000, 0x0000000712400000, 0x0000000712600000|  0%| F|  |TAMS 0x0000000712400000, 0x0000000712400000| Untracked 
|  89|0x0000000712600000, 0x0000000712600000, 0x0000000712800000|  0%| F|  |TAMS 0x0000000712600000, 0x0000000712600000| Untracked 
|  90|0x0000000712800000, 0x0000000712800000, 0x0000000712a00000|  0%| F|  |TAMS 0x0000000712800000, 0x0000000712800000| Untracked 
|  91|0x0000000712a00000, 0x0000000712a00000, 0x0000000712c00000|  0%| F|  |TAMS 0x0000000712a00000, 0x0000000712a00000| Untracked 
|  92|0x0000000712c00000, 0x0000000712c00000, 0x0000000712e00000|  0%| F|  |TAMS 0x0000000712c00000, 0x0000000712c00000| Untracked 
|  93|0x0000000712e00000, 0x0000000712e00000, 0x0000000713000000|  0%| F|  |TAMS 0x0000000712e00000, 0x0000000712e00000| Untracked 
|  94|0x0000000713000000, 0x0000000713000000, 0x0000000713200000|  0%| F|  |TAMS 0x0000000713000000, 0x0000000713000000| Untracked 
|  95|0x0000000713200000, 0x0000000713200000, 0x0000000713400000|  0%| F|  |TAMS 0x0000000713200000, 0x0000000713200000| Untracked 
|  96|0x0000000713400000, 0x0000000713400000, 0x0000000713600000|  0%| F|  |TAMS 0x0000000713400000, 0x0000000713400000| Untracked 
|  97|0x0000000713600000, 0x0000000713600000, 0x0000000713800000|  0%| F|  |TAMS 0x0000000713600000, 0x0000000713600000| Untracked 
|  98|0x0000000713800000, 0x0000000713800000, 0x0000000713a00000|  0%| F|  |TAMS 0x0000000713800000, 0x0000000713800000| Untracked 
|  99|0x0000000713a00000, 0x0000000713a00000, 0x0000000713c00000|  0%| F|  |TAMS 0x0000000713a00000, 0x0000000713a00000| Untracked 
| 100|0x0000000713c00000, 0x0000000713c00000, 0x0000000713e00000|  0%| F|  |TAMS 0x0000000713c00000, 0x0000000713c00000| Untracked 
| 101|0x0000000713e00000, 0x0000000713e00000, 0x0000000714000000|  0%| F|  |TAMS 0x0000000713e00000, 0x0000000713e00000| Untracked 
| 102|0x0000000714000000, 0x0000000714000000, 0x0000000714200000|  0%| F|  |TAMS 0x0000000714000000, 0x0000000714000000| Untracked 
| 103|0x0000000714200000, 0x0000000714200000, 0x0000000714400000|  0%| F|  |TAMS 0x0000000714200000, 0x0000000714200000| Untracked 
| 104|0x0000000714400000, 0x0000000714400000, 0x0000000714600000|  0%| F|  |TAMS 0x0000000714400000, 0x0000000714400000| Untracked 
| 105|0x0000000714600000, 0x0000000714600000, 0x0000000714800000|  0%| F|  |TAMS 0x0000000714600000, 0x0000000714600000| Untracked 
| 106|0x0000000714800000, 0x0000000714800000, 0x0000000714a00000|  0%| F|  |TAMS 0x0000000714800000, 0x0000000714800000| Untracked 
| 107|0x0000000714a00000, 0x0000000714a00000, 0x0000000714c00000|  0%| F|  |TAMS 0x0000000714a00000, 0x0000000714a00000| Untracked 
| 108|0x0000000714c00000, 0x0000000714c00000, 0x0000000714e00000|  0%| F|  |TAMS 0x0000000714c00000, 0x0000000714c00000| Untracked 
| 109|0x0000000714e00000, 0x0000000714e00000, 0x0000000715000000|  0%| F|  |TAMS 0x0000000714e00000, 0x0000000714e00000| Untracked 
| 110|0x0000000715000000, 0x0000000715000000, 0x0000000715200000|  0%| F|  |TAMS 0x0000000715000000, 0x0000000715000000| Untracked 
| 111|0x0000000715200000, 0x0000000715200000, 0x0000000715400000|  0%| F|  |TAMS 0x0000000715200000, 0x0000000715200000| Untracked 
| 112|0x0000000715400000, 0x0000000715500000, 0x0000000715600000| 50%| E|  |TAMS 0x0000000715400000, 0x0000000715400000| Complete 
| 113|0x0000000715600000, 0x0000000715800000, 0x0000000715800000|100%| E|CS|TAMS 0x0000000715600000, 0x0000000715600000| Complete 
| 114|0x0000000715800000, 0x0000000715a00000, 0x0000000715a00000|100%| E|CS|TAMS 0x0000000715800000, 0x0000000715800000| Complete 
| 115|0x0000000715a00000, 0x0000000715c00000, 0x0000000715c00000|100%| E|CS|TAMS 0x0000000715a00000, 0x0000000715a00000| Complete 
| 116|0x0000000715c00000, 0x0000000715d3fd00, 0x0000000715e00000| 62%| S|CS|TAMS 0x0000000715c00000, 0x0000000715c00000| Complete 
| 117|0x0000000715e00000, 0x0000000716000000, 0x0000000716000000|100%| E|CS|TAMS 0x0000000715e00000, 0x0000000715e00000| Complete 
| 118|0x0000000716000000, 0x0000000716200000, 0x0000000716200000|100%| E|CS|TAMS 0x0000000716000000, 0x0000000716000000| Complete 
| 119|0x0000000716200000, 0x0000000716400000, 0x0000000716400000|100%| E|CS|TAMS 0x0000000716200000, 0x0000000716200000| Complete 
| 120|0x0000000716400000, 0x0000000716600000, 0x0000000716600000|100%| E|CS|TAMS 0x0000000716400000, 0x0000000716400000| Complete 
| 121|0x0000000716600000, 0x0000000716800000, 0x0000000716800000|100%| E|CS|TAMS 0x0000000716600000, 0x0000000716600000| Complete 
| 122|0x0000000716800000, 0x0000000716a00000, 0x0000000716a00000|100%| E|CS|TAMS 0x0000000716800000, 0x0000000716800000| Complete 
| 123|0x0000000716a00000, 0x0000000716c00000, 0x0000000716c00000|100%| E|CS|TAMS 0x0000000716a00000, 0x0000000716a00000| Complete 
| 124|0x0000000716c00000, 0x0000000716e00000, 0x0000000716e00000|100%| E|CS|TAMS 0x0000000716c00000, 0x0000000716c00000| Complete 
|1988|0x00000007ffc00000, 0x00000007ffd75000, 0x00000007ffe00000| 72%|OA|  |TAMS 0x00000007ffc00000, 0x00000007ffc00000| Untracked 
|1989|0x00000007ffe00000, 0x00000007ffe78000, 0x0000000800000000| 23%|CA|  |TAMS 0x00000007ffe00000, 0x00000007ffe00000| Untracked 

Card table byte_map: [0x00007f6690c3a000,0x00007f6691400000] _byte_map_base: 0x00007f668d400000

Marking Bits (Prev, Next): (CMBitMap*) 0x00007f66a8084570, (CMBitMap*) 0x00007f66a80845b0
 Prev Bits: [0x00007f668c644000, 0x00007f6690474000)
 Next Bits: [0x00007f6688814000, 0x00007f668c644000)

Polling page: 0x00007f66aea84000

Metaspace:

Usage:
  Non-class:      6.28 MB used.
      Class:    676.32 KB used.
       Both:      6.94 MB used.

Virtual space:
  Non-class space:       64.00 MB reserved,       6.44 MB ( 10%) committed,  1 nodes.
      Class space:        1.00 GB reserved,     768.00 KB ( <1%) committed,  1 nodes.
             Both:        1.06 GB reserved,       7.19 MB ( <1%) committed. 

Chunk freelists:
   Non-Class:  8.23 MB
       Class:  15.28 MB
        Both:  23.52 MB

MaxMetaspaceSize: unlimited
CompressedClassSpaceSize: 1.00 GB
Initial GC threshold: 21.00 MB
Current GC threshold: 21.00 MB
CDS: on
MetaspaceReclaimPolicy: balanced
 - commit_granule_bytes: 65536.
 - commit_granule_words: 8192.
 - virtual_space_node_default_size: 8388608.
 - enlarge_chunks_in_place: 1.
 - new_chunks_are_fully_committed: 0.
 - uncommit_free_chunks: 1.
 - use_allocation_guard: 0.
 - handle_deallocations: 1.


Internal statistics:

num_allocs_failed_limit: 0.
num_arena_births: 168.
num_arena_deaths: 0.
num_vsnodes_births: 2.
num_vsnodes_deaths: 0.
num_space_committed: 115.
num_space_uncommitted: 0.
num_chunks_returned_to_freelist: 0.
num_chunks_taken_from_freelist: 353.
num_chunk_merges: 0.
num_chunk_splits: 247.
num_chunks_enlarged: 185.
num_inconsistent_stats: 0.

CodeHeap 'non-profiled nmethods': size=120032Kb used=599Kb max_used=599Kb free=119432Kb
 bounds [0x00007f6698ec8000, 0x00007f6699138000, 0x00007f66a0400000]
CodeHeap 'profiled nmethods': size=120028Kb used=2884Kb max_used=2884Kb free=117143Kb
 bounds [0x00007f6691400000, 0x00007f66916e0000, 0x00007f6698937000]
CodeHeap 'non-nmethods': size=5700Kb used=1190Kb max_used=1204Kb free=4510Kb
 bounds [0x00007f6698937000, 0x00007f6698ba7000, 0x00007f6698ec8000]
 total_blobs=2129 nmethods=1636 adapters=407
 compilation: enabled
              stopped_count=0, restarted_count=0
 full_count=0

Compilation events (20 events):
Event: 94.884 Thread 0x00007f66a8178190 1629       3       java.security.SecureClassLoader$CodeSourceKey::hashCode (21 bytes)
Event: 94.887 Thread 0x00007f66a8178190 nmethod 1629 0x00007f66916cac90 code [0x00007f66916cae40, 0x00007f66916cb020]
Event: 94.887 Thread 0x00007f66a8178190 1630       3       java.lang.ClassLoader::preDefineClass (118 bytes)
Event: 94.891 Thread 0x00007f66a8178190 nmethod 1630 0x00007f66916cb110 code [0x00007f66916cb4a0, 0x00007f66916cc750]
Event: 94.891 Thread 0x00007f66a8178190 1631       3       java.lang.ClassLoader::checkCerts (121 bytes)
Event: 94.893 Thread 0x00007f66a8178190 nmethod 1631 0x00007f66916cce90 code [0x00007f66916cd1a0, 0x00007f66916cdfe0]
Event: 94.893 Thread 0x00007f66a8178190 1632       3       java.lang.ClassLoader::defineClassSourceLocation (28 bytes)
Event: 94.894 Thread 0x00007f66a8178190 nmethod 1632 0x00007f66916ce590 code [0x00007f66916ce760, 0x00007f66916ceae0]
Event: 95.163 Thread 0x00007f66a8178190 1633       3       java.security.SecureClassLoader::getProtectionDomain (38 bytes)
Event: 95.190 Thread 0x00007f66a8178190 nmethod 1633 0x00007f66916cec90 code [0x00007f66916cee80, 0x00007f66916cf520]
Event: 95.190 Thread 0x00007f66a8178190 1634       3       java.lang.ClassLoader::defineClass (43 bytes)
Event: 95.192 Thread 0x00007f66a8178190 nmethod 1634 0x00007f66916cf710 code [0x00007f66916cf900, 0x00007f66916cfdf0]
Event: 95.201 Thread 0x00007f66a8178190 1635       3       java.security.CodeSource::matchCerts (254 bytes)
Event: 95.203 Thread 0x00007f66a8178190 nmethod 1635 0x00007f66916d0090 code [0x00007f66916d0300, 0x00007f66916d0ed0]
Event: 95.206 Thread 0x00007f66a8176c50 1636       4       java.nio.Buffer::position (52 bytes)
Event: 95.460 Thread 0x00007f66a8176c50 nmethod 1636 0x00007f6698f5cb90 code [0x00007f6698f5cd20, 0x00007f6698f5cdf8]
Event: 95.477 Thread 0x00007f66a8176c50 1637       4       java.lang.String::hashCode (60 bytes)
Event: 95.492 Thread 0x00007f66a8176c50 nmethod 1637 0x00007f6698f5cf10 code [0x00007f6698f5d0a0, 0x00007f6698f5d2a8]
Event: 95.507 Thread 0x00007f66a8176c50 1638       4       java.lang.CharacterDataLatin1::toLowerCase (39 bytes)
Event: 95.509 Thread 0x00007f66a8176c50 nmethod 1638 0x00007f6698f5d410 code [0x00007f6698f5d5a0, 0x00007f6698f5d678]

GC Heap History (4 events):
Event: 15.035 GC heap before
{Heap before GC invocations=0 (full 0):
 garbage-first heap   total 260096K, used 16308K [0x0000000707400000, 0x0000000800000000)
  region size 2048K, 6 young (12288K), 0 survivors (0K)
 Metaspace       used 3693K, committed 3840K, reserved 1114112K
  class space    used 351K, committed 448K, reserved 1048576K
}
Event: 15.056 GC heap after
{Heap after GC invocations=1 (full 0):
 garbage-first heap   total 260096K, used 6396K [0x0000000707400000, 0x0000000800000000)
  region size 2048K, 1 young (2048K), 1 survivors (2048K)
 Metaspace       used 3693K, committed 3840K, reserved 1114112K
  class space    used 351K, committed 448K, reserved 1048576K
}
Event: 71.131 GC heap before
{Heap before GC invocations=1 (full 0):
 garbage-first heap   total 260096K, used 20732K [0x0000000707400000, 0x0000000800000000)
  region size 2048K, 8 young (16384K), 1 survivors (2048K)
 Metaspace       used 4934K, committed 5120K, reserved 1114112K
  class space    used 457K, committed 576K, reserved 1048576K
}
Event: 71.149 GC heap after
{Heap after GC invocations=2 (full 0):
 garbage-first heap   total 260096K, used 7674K [0x0000000707400000, 0x0000000800000000)
  region size 2048K, 1 young (2048K), 1 survivors (2048K)
 Metaspace       used 4934K, committed 5120K, reserved 1114112K
  class space    used 457K, committed 576K, reserved 1048576K
}

Dll operation events (8 events):
Event: 0.035 Loaded shared library /usr/lib/jvm/java-17-openjdk-amd64/lib/libjava.so
Event: 0.156 Loaded shared library /usr/lib/jvm/java-17-openjdk-amd64/lib/libjsvml.so
Event: 0.246 Loaded shared library /usr/lib/jvm/java-17-openjdk-amd64/lib/libnio.so
Event: 0.845 Loaded shared library /usr/lib/jvm/java-17-openjdk-amd64/lib/libzip.so
Event: 1.210 Loaded shared library /usr/lib/jvm/java-17-openjdk-amd64/lib/libjimage.so
Event: 11.275 Loaded shared library /usr/lib/jvm/java-17-openjdk-amd64/lib/libawt.so
Event: 11.280 Loaded shared library /usr/lib/jvm/java-17-openjdk-amd64/lib/libawt_headless.so
Event: 11.314 Loaded shared library /usr/lib/jvm/java-17-openjdk-amd64/lib/liblcms.so

Deoptimization events (20 events):
Event: 79.312 Thread 0x00007f66a82f4810 Uncommon trap: trap_request=0xffffffc6 fr.pc=0x00007f6698f3fd78 relative=0x0000000000000bd8
Event: 79.312 Thread 0x00007f66a82f4810 Uncommon trap: reason=bimorphic_or_optimized_type_check action=maybe_recompile pc=0x00007f6698f3fd78 method=java.util.HashMap.putVal(ILjava/lang/Object;Ljava/lang/Object;ZZ)Ljava/lang/Object; @ 91 c2
Event: 79.312 Thread 0x00007f66a82f4810 DEOPT PACKING pc=0x00007f6698f3fd78 sp=0x00007f66787fab10
Event: 79.313 Thread 0x00007f66a82f4810 DEOPT UNPACKING pc=0x00007f669898d699 sp=0x00007f66787faae0 mode 2
Event: 81.011 Thread 0x00007f66a8018d70 Uncommon trap: trap_request=0xffffffbe fr.pc=0x00007f6698f50d34 relative=0x0000000000001354
Event: 81.012 Thread 0x00007f66a8018d70 Uncommon trap: reason=profile_predicate action=maybe_recompile pc=0x00007f6698f50d34 method=java.util.regex.Pattern.compile()V @ 78 c2
Event: 81.013 Thread 0x00007f66a8018d70 DEOPT PACKING pc=0x00007f6698f50d34 sp=0x00007f66acffe180
Event: 81.014 Thread 0x00007f66a8018d70 DEOPT UNPACKING pc=0x00007f669898d699 sp=0x00007f66acffe130 mode 2
Event: 81.014 Thread 0x00007f66a8018d70 Uncommon trap: trap_request=0xffffffbe fr.pc=0x00007f6698f50d34 relative=0x0000000000001354
Event: 81.014 Thread 0x00007f66a8018d70 Uncommon trap: reason=profile_predicate action=maybe_recompile pc=0x00007f6698f50d34 method=java.util.regex.Pattern.compile()V @ 78 c2
Event: 81.014 Thread 0x00007f66a8018d70 DEOPT PACKING pc=0x00007f6698f50d34 sp=0x00007f66acffe180
Event: 81.014 Thread 0x00007f66a8018d70 DEOPT UNPACKING pc=0x00007f669898d699 sp=0x00007f66acffe130 mode 2
Event: 81.015 Thread 0x00007f66a8018d70 Uncommon trap: trap_request=0xffffffbe fr.pc=0x00007f6698f50d34 relative=0x0000000000001354
Event: 81.015 Thread 0x00007f66a8018d70 Uncommon trap: reason=profile_predicate action=maybe_recompile pc=0x00007f6698f50d34 method=java.util.regex.Pattern.compile()V @ 78 c2
Event: 81.015 Thread 0x00007f66a8018d70 DEOPT PACKING pc=0x00007f6698f50d34 sp=0x00007f66acffe180
Event: 81.015 Thread 0x00007f66a8018d70 DEOPT UNPACKING pc=0x00007f669898d699 sp=0x00007f66acffe130 mode 2
Event: 81.015 Thread 0x00007f66a8018d70 Uncommon trap: trap_request=0xffffffbe fr.pc=0x00007f6698f50d34 relative=0x0000000000001354
Event: 81.015 Thread 0x00007f66a8018d70 Uncommon trap: reason=profile_predicate action=maybe_recompile pc=0x00007f6698f50d34 method=java.util.regex.Pattern.compile()V @ 78 c2
Event: 81.015 Thread 0x00007f66a8018d70 DEOPT PACKING pc=0x00007f6698f50d34 sp=0x00007f66acffe180
Event: 81.015 Thread 0x00007f66a8018d70 DEOPT UNPACKING pc=0x00007f669898d699 sp=0x00007f66acffe130 mode 2

Classes loaded (20 events):
Event: 79.371 Loading class java/util/function/IntBinaryOperator
Event: 79.372 Loading class java/util/function/IntBinaryOperator done
Event: 79.373 Loading class java/util/stream/ReduceOps$6
Event: 79.373 Loading class java/util/stream/ReduceOps$6 done
Event: 79.373 Loading class java/util/stream/ReduceOps$5ReducingSink
Event: 79.374 Loading class java/util/stream/ReduceOps$5ReducingSink done
Event: 79.374 Loading class java/util/stream/ReferencePipeline$4$1
Event: 79.374 Loading class java/util/stream/ReferencePipeline$4$1 done
Event: 79.382 Loading class java/util/Comparators$NaturalOrderComparator
Event: 79.382 Loading class java/util/Comparators$NaturalOrderComparator done
Event: 88.357 Loading class java/awt/image/RenderedImage
Event: 88.365 Loading class java/awt/image/RenderedImage done
Event: 92.203 Loading class java/io/CharArrayReader
Event: 92.288 Loading class java/io/CharArrayReader done
Event: 93.803 Loading class java/util/concurrent/atomic/AtomicReference
Event: 93.810 Loading class java/util/concurrent/atomic/AtomicReference done
Event: 94.285 Loading class java/lang/SecurityException
Event: 94.291 Loading class java/lang/SecurityException done
Event: 94.294 Loading class java/util/concurrent/atomic/AtomicReferenceArray
Event: 94.298 Loading class java/util/concurrent/atomic/AtomicReferenceArray done

Classes unloaded (0 events):
No events

Classes redefined (0 events):
No events

Internal exceptions (20 events):
Event: 3.061 Thread 0x00007f66a8018d70 Exception <a 'java/lang/NoSuchMethodError'{0x0000000716aa05b8}: 'void java.lang.invoke.DirectMethodHandle$Holder.invokeSpecial(java.lang.Object, java.lang.Object, java.lang.Object)'> (0x0000000716aa05b8) 
thrown [./src/hotspot/share/interpreter/linkResolver.cpp, line 758]
Event: 3.088 Thread 0x00007f66a8018d70 Exception <a 'java/lang/ClassNotFoundException'{0x0000000716add190}: sun/util/logging/resources/spi/loggingProvider> (0x0000000716add190) 
thrown [./src/hotspot/share/classfile/systemDictionary.cpp, line 256]
Event: 4.846 Thread 0x00007f66a8018d70 Exception <a 'java/lang/NoSuchMethodError'{0x00000007168be488}: 'int java.lang.invoke.DirectMethodHandle$Holder.invokeVirtual(java.lang.Object, java.lang.Object)'> (0x00000007168be488) 
thrown [./src/hotspot/share/interpreter/linkResolver.cpp, line 758]
Event: 15.923 Thread 0x00007f66a8018d70 Exception <a 'java/lang/NoSuchMethodError'{0x0000000716bb68a0}: 'double java.lang.invoke.DirectMethodHandle$Holder.invokeVirtual(java.lang.Object, java.lang.Object)'> (0x0000000716bb68a0) 
thrown [./src/hotspot/share/interpreter/linkResolver.cpp, line 758]
Event: 21.308 Thread 0x00007f66a8018d70 Exception <a 'java/lang/NoSuchMethodError'{0x000000071696b680}: 'java.lang.Object java.lang.invoke.DirectMethodHandle$Holder.invokeSpecial(java.lang.Object, java.lang.Object, double, double)'> (0x000000071696b680) 
thrown [./src/hotspot/share/interpreter/linkResolver.cpp, line 758]
Event: 43.317 Thread 0x00007f66a82f4810 Exception <a 'java/lang/NoSuchMethodError'{0x0000000716794f98}: 'java.lang.Object java.lang.invoke.DirectMethodHandle$Holder.newInvokeSpecial(java.lang.Object, java.lang.Object, java.lang.Object, java.lang.Object, java.lang.Object, java.lang.Object, java.lang.Object)'> (0x0000000716794f98) 
thrown [./src/hotspot/share/interpreter/linkResolver.cpp, line 758]
Event: 43.734 Thread 0x00007f66a82f4810 Exception <a 'java/lang/NoSuchMethodError'{0x0000000716799958}: 'java.lang.Object java.lang.invoke.Invokers$Holder.linkToTargetMethod(java.lang.Object, java.lang.Object, java.lang.Object, java.lang.Object, java.lang.Object, java.lang.Object, java.lang.Object)'> (0x0000000716799958) 
thrown [./src/hotspot/share/interpreter/linkResolver.cpp, line 758]
Event: 63.754 Thread 0x00007f66a82f4810 Exception <a 'java/lang/NoSuchMethodError'{0x00000007167b7d30}: 'java.lang.Object java.lang.invoke.Invokers$Holder.invokeExact_MT(java.lang.Object, java.lang.Object, java.lang.Object, java.lang.Object, java.lang.Object, java.lang.Object)'> (0x00000007167b7d30) 
thrown [./src/hotspot/share/interpreter/linkResolver.cpp, line 758]
Event: 64.085 Thread 0x00007f66a82f4810 Exception <a 'java/lang/NoSuchMethodError'{0x00000007167c0f10}: 'void java.lang.invoke.DirectMethodHandle$Holder.invokeInterface(java.lang.Object, java.lang.Object, java.lang.Object)'> (0x00000007167c0f10) 
thrown [./src/hotspot/share/interpreter/linkResolver.cpp, line 758]
Event: 65.231 Thread 0x00007f66a82f4810 Exception <a 'java/lang/NoSuchMethodError'{0x0000000716526cd8}: 'double java.lang.invoke.DirectMethodHandle$Holder.invokeStatic(java.lang.Object, java.lang.Object)'> (0x0000000716526cd8) 
thrown [./src/hotspot/share/interpreter/linkResolver.cpp, line 758]
Event: 65.237 Thread 0x00007f66a82f4810 Exception <a 'java/lang/NoSuchMethodError'{0x000000071652a2d8}: 'double java.lang.invoke.DirectMethodHandle$Holder.invokeStaticInit(java.lang.Object, java.lang.Object)'> (0x000000071652a2d8) 
thrown [./src/hotspot/share/interpreter/linkResolver.cpp, line 758]
Event: 71.866 Thread 0x00007f66a8018d70 Exception <a 'java/lang/NoSuchMethodError'{0x000000071603f040}: 'java.lang.Object java.lang.invoke.Invokers$Holder.linkToTargetMethod(int, java.lang.Object, java.lang.Object, java.lang.Object, int, java.lang.Object)'> (0x000000071603f040) 
thrown [./src/hotspot/share/interpreter/linkResolver.cpp, line 758]
Event: 71.882 Thread 0x00007f66a82f4810 Exception <a 'java/lang/NoSuchMethodError'{0x00000007161081c0}: 'java.lang.Object java.lang.invoke.DirectMethodHandle$Holder.newInvokeSpecial(java.lang.Object, java.lang.Object, java.lang.Object, java.lang.Object, int)'> (0x00000007161081c0) 
thrown [./src/hotspot/share/interpreter/linkResolver.cpp, line 758]
Event: 71.886 Thread 0x00007f66a82f4810 Exception <a 'java/lang/NoSuchMethodError'{0x000000071610c440}: 'java.lang.Object java.lang.invoke.DirectMethodHandle$Holder.invokeSpecial(java.lang.Object, java.lang.Object, java.lang.Object, java.lang.Object, java.lang.Object, int)'> (0x000000071610c440) 
thrown [./src/hotspot/share/interpreter/linkResolver.cpp, line 758]
Event: 71.887 Thread 0x00007f66a82f4810 Exception <a 'java/lang/NoSuchMethodError'{0x000000071610fe80}: 'java.lang.Object java.lang.invoke.Invokers$Holder.linkToTargetMethod(java.lang.Object, java.lang.Object, java.lang.Object, int, java.lang.Object)'> (0x000000071610fe80) 
thrown [./src/hotspot/share/interpreter/linkResolver.cpp, line 758]
Event: 73.298 Thread 0x00007f66a82f4810 Exception <a 'java/lang/NoSuchMethodError'{0x0000000715a19db0}: 'int java.lang.invoke.DirectMethodHandle$Holder.invokeVirtual(java.lang.Object, java.lang.Object, java.lang.Object)'> (0x0000000715a19db0) 
thrown [./src/hotspot/share/interpreter/linkResolver.cpp, line 758]
Event: 75.574 Thread 0x00007f66a82f4810 Exception <a 'java/lang/NoSuchMethodError'{0x0000000715a799e8}: 'java.lang.Object java.lang.invoke.DirectMethodHandle$Holder.invokeInterface(java.lang.Object, java.lang.Object)'> (0x0000000715a799e8) 
thrown [./src/hotspot/share/interpreter/linkResolver.cpp, line 758]
Event: 79.379 Thread 0x00007f66a82f4810 Exception <a 'java/lang/NoSuchMethodError'{0x0000000715adfa28}: 'java.lang.Object java.lang.invoke.DirectMethodHandle$Holder.newInvokeSpecial(java.lang.Object, java.lang.Object, double)'> (0x0000000715adfa28) 
thrown [./src/hotspot/share/interpreter/linkResolver.cpp, line 758]
Event: 79.381 Thread 0x00007f66a82f4810 Exception <a 'java/lang/NoSuchMethodError'{0x0000000715ae3b98}: 'java.lang.Object java.lang.invoke.DirectMethodHandle$Holder.invokeSpecial(java.lang.Object, java.lang.Object, java.lang.Object, double)'> (0x0000000715ae3b98) 
thrown [./src/hotspot/share/interpreter/linkResolver.cpp, line 758]
Event: 81.036 Thread 0x00007f66a8018d70 Exception <a 'java/lang/NoSuchMethodError'{0x00000007160ba980}: 'void java.lang.invoke.DirectMethodHandle$Holder.invokeStatic(java.lang.Object, java.lang.Object, int)'> (0x00000007160ba980) 
thrown [./src/hotspot/share/interpreter/linkResolver.cpp, line 758]

VM Operations (20 events):
Event: 93.792 Executing VM operation: Cleanup done
Event: 94.802 Executing VM operation: Cleanup
Event: 94.813 Executing VM operation: Cleanup done
Event: 95.832 Executing VM operation: Cleanup
Event: 95.850 Executing VM operation: Cleanup done
Event: 1472.448 Executing VM operation: HandshakeAllThreads
Event: 7142.941 Executing VM operation: HandshakeAllThreads done
Event: 9677.275 Executing VM operation: HandshakeAllThreads
Event: 9992.748 Executing VM operation: HandshakeAllThreads done
Event: 10399.823 Executing VM operation: HandshakeAllThreads
Event: 10439.067 Executing VM operation: HandshakeAllThreads done
Event: 13091.676 Executing VM operation: HandshakeAllThreads
Event: 14622.375 Executing VM operation: HandshakeAllThreads done
Event: 15488.664 Executing VM operation: HandshakeAllThreads
Event: 18119.433 Executing VM operation: HandshakeAllThreads done
Event: 20858.386 Executing VM operation: HandshakeAllThreads
Event: 29968.143 Executing VM operation: HandshakeAllThreads done
Event: 30752.430 Executing VM operation: HandshakeAllThreads
Event: 39071.005 Executing VM operation: HandshakeAllThreads done
Event: 39475.768 Executing VM operation: HandshakeAllThreads

Memory protections (13 events):
Event: 0.030 Protecting memory [0x00007f66acf00000,0x00007f66acf04000] with protection modes 0
Event: 0.167 Protecting memory [0x00007f6679c2e000,0x00007f6679c32000] with protection modes 0
Event: 0.167 Protecting memory [0x00007f6679d2e000,0x00007f6679d32000] with protection modes 0
Event: 0.183 Protecting memory [0x00007f6679500000,0x00007f6679504000] with protection modes 0
Event: 0.184 Protecting memory [0x00007f6679400000,0x00007f6679404000] with protection modes 0
Event: 0.184 Protecting memory [0x00007f6679300000,0x00007f6679304000] with protection modes 0
Event: 0.184 Protecting memory [0x00007f6679200000,0x00007f6679204000] with protection modes 0
Event: 0.185 Protecting memory [0x00007f6679100000,0x00007f6679104000] with protection modes 0
Event: 0.185 Protecting memory [0x00007f6679000000,0x00007f6679004000] with protection modes 0
Event: 0.236 Protecting memory [0x00007f6678f00000,0x00007f6678f04000] with protection modes 0
Event: 0.241 Protecting memory [0x00007f6678cff000,0x00007f6678d03000] with protection modes 0
Event: 11.391 Protecting memory [0x00007f6678b00000,0x00007f6678b04000] with protection modes 0
Event: 42.101 Protecting memory [0x00007f66786fd000,0x00007f6678701000] with protection modes 0

Nmethod flushes (0 events):
No events

Events (14 events):
Event: 0.156 Thread 0x00007f66a8018d70 Thread added: 0x00007f66a8018d70
Event: 0.166 Thread 0x00007f66a8018d70 Thread added: 0x00007f66a816c110
Event: 0.167 Thread 0x00007f66a8018d70 Thread added: 0x00007f66a816d500
Event: 0.183 Thread 0x00007f66a8018d70 Thread added: 0x00007f66a8172ab0
Event: 0.184 Thread 0x00007f66a8018d70 Thread added: 0x00007f66a8173e70
Event: 0.184 Thread 0x00007f66a8018d70 Thread added: 0x00007f66a8175290
Event: 0.184 Thread 0x00007f66a8018d70 Thread added: 0x00007f66a8176c50
Event: 0.185 Thread 0x00007f66a8018d70 Thread added: 0x00007f66a8178190
Event: 0.185 Thread 0x00007f66a8018d70 Thread added: 0x00007f66a8179610
Event: 0.236 Thread 0x00007f66a8018d70 Thread added: 0x00007f66a8180d50
Event: 0.241 Thread 0x00007f66a8018d70 Thread added: 0x00007f66a8184200
Event: 11.389 Thread 0x00007f66a8018d70 Thread added: 0x00007f66a8230b90
Event: 42.091 Thread 0x00007f66a8018d70 Thread added: 0x00007f66a82f4810
Event: 81.036 Thread 0x00007f66a82f4810 Thread exited: 0x00007f66a82f4810


Dynamic libraries:
707400000-716e00000 rw-p 00000000 00:00 0 
716e00000-7ffc00000 ---p 00000000 00:00 0 
7ffc00000-7ffd00000 rw-p 00000000 00:00 0 
7ffd00000-7ffd75000 rw-p 00c7a000 08:12 7248040                          /usr/lib/jvm/java-17-openjdk-amd64/lib/server/classes.jsa
7ffd75000-7ffe00000 rw-p 00000000 00:00 0 
7ffe00000-7ffe78000 rw-p 00c02000 08:12 7248040                          /usr/lib/jvm/java-17-openjdk-amd64/lib/server/classes.jsa
7ffe78000-800000000 rw-p 00000000 00:00 0 
5b021a486000-5b021a487000 r--p 00000000 08:12 7247886                    /usr/lib/jvm/java-17-openjdk-amd64/bin/java
5b021a487000-5b021a488000 r-xp 00001000 08:12 7247886                    /usr/lib/jvm/java-17-openjdk-amd64/bin/java
5b021a488000-5b021a489000 r--p 00002000 08:12 7247886                    /usr/lib/jvm/java-17-openjdk-amd64/bin/java
5b021a489000-5b021a48a000 r--p 00002000 08:12 7247886                    /usr/lib/jvm/java-17-openjdk-amd64/bin/java
5b021a48a000-5b021a48b000 rw-p 00003000 08:12 7247886                    /usr/lib/jvm/java-17-openjdk-amd64/bin/java
5b0237153000-5b023719a000 rw-p 00000000 00:00 0                          [heap]
7f65e0000000-7f65e0058000 rw-p 00000000 00:00 0 
7f65e0058000-7f65e4000000 ---p 00000000 00:00 0 
7f65e8000000-7f65e8021000 rw-p 00000000 00:00 0 
7f65e8021000-7f65ec000000 ---p 00000000 00:00 0 
7f65ec000000-7f65ec021000 rw-p 00000000 00:00 0 
7f65ec021000-7f65f0000000 ---p 00000000 00:00 0 
7f65f0000000-7f65f0021000 rw-p 00000000 00:00 0 
7f65f0021000-7f65f4000000 ---p 00000000 00:00 0 
7f65f4000000-7f65f4021000 rw-p 00000000 00:00 0 
7f65f4021000-7f65f8000000 ---p 00000000 00:00 0 
7f65f8000000-7f65f8021000 rw-p 00000000 00:00 0 
7f65f8021000-7f65fc000000 ---p 00000000 00:00 0 
7f65fc000000-7f65fc021000 rw-p 00000000 00:00 0 
7f65fc021000-7f6600000000 ---p 00000000 00:00 0 
7f6600000000-7f6600021000 rw-p 00000000 00:00 0 
7f6600021000-7f6604000000 ---p 00000000 00:00 0 
7f6604000000-7f6604021000 rw-p 00000000 00:00 0 
7f6604021000-7f6608000000 ---p 00000000 00:00 0 
7f6608000000-7f660855b000 rw-p 00000000 00:00 0 
7f660855b000-7f660c000000 ---p 00000000 00:00 0 
7f660c000000-7f660c806000 rw-p 00000000 00:00 0 
7f660c806000-7f6610000000 ---p 00000000 00:00 0 
7f6610000000-7f6610021000 rw-p 00000000 00:00 0 
7f6610021000-7f6614000000 ---p 00000000 00:00 0 
7f6614000000-7f6614021000 rw-p 00000000 00:00 0 
7f6614021000-7f6618000000 ---p 00000000 00:00 0 
7f6618000000-7f6618021000 rw-p 00000000 00:00 0 
7f6618021000-7f661c000000 ---p 00000000 00:00 0 
7f661c000000-7f661c025000 rw-p 00000000 00:00 0 
7f661c025000-7f6620000000 ---p 00000000 00:00 0 
7f6620000000-7f6620021000 rw-p 00000000 00:00 0 
7f6620021000-7f6624000000 ---p 00000000 00:00 0 
7f6627000000-7f66272a0000 rw-p 00000000 00:00 0 
7f66272a0000-7f6627400000 ---p 00000000 00:00 0 
7f6627400000-7f66277d0000 rw-p 00000000 00:00 0 
7f66277d0000-7f662b000000 ---p 00000000 00:00 0 
7f662b000000-7f662bbca000 rw-p 00001000 08:12 7248040                    /usr/lib/jvm/java-17-openjdk-amd64/lib/server/classes.jsa
7f662bbca000-7f662c000000 ---p 00000000 00:00 0 
7f662c000000-7f662c040000 rw-p 00000000 00:00 0 
7f662c040000-7f662c0c0000 rw-p 00000000 00:00 0 
7f662c0c0000-7f666c000000 ---p 00000000 00:00 0 
7f666c000000-7f666c021000 rw-p 00000000 00:00 0 
7f666c021000-7f6670000000 ---p 00000000 00:00 0 
7f6670000000-7f6670021000 rw-p 00000000 00:00 0 
7f6670021000-7f6674000000 ---p 00000000 00:00 0 
7f6674000000-7f6674021000 rw-p 00000000 00:00 0 
7f6674021000-7f6678000000 ---p 00000000 00:00 0 
7f667831b000-7f66786fd000 rw-p 00000000 00:00 0 
7f66786fd000-7f6678701000 ---p 00000000 00:00 0 
7f6678701000-7f66787fd000 rw-p 00000000 00:00 0 
7f66787fd000-7f66787fe000 ---p 00000000 00:00 0 
7f66787fe000-7f66788fe000 rw-p 00000000 00:00 0 
7f66788fe000-7f66788ff000 ---p 00000000 00:00 0 
7f66788ff000-7f66789ff000 rw-p 00000000 00:00 0 
7f66789ff000-7f6678a00000 ---p 00000000 00:00 0 
7f6678a00000-7f6678b00000 rw-p 00000000 00:00 0 
7f6678b00000-7f6678b04000 ---p 00000000 00:00 0 
7f6678b04000-7f6678c00000 rw-p 00000000 00:00 0 
7f6678c00000-7f6678c2a000 r--p 00000000 08:12 7248005                    /usr/lib/jvm/java-17-openjdk-amd64/lib/libawt.so
7f6678c2a000-7f6678cc1000 r-xp 0002a000 08:12 7248005                    /usr/lib/jvm/java-17-openjdk-amd64/lib/libawt.so
7f6678cc1000-7f6678cce000 r--p 000c1000 08:12 7248005                    /usr/lib/jvm/java-17-openjdk-amd64/lib/libawt.so
7f6678cce000-7f6678ccf000 r--p 000cd000 08:12 7248005                    /usr/lib/jvm/java-17-openjdk-amd64/lib/libawt.so
7f6678ccf000-7f6678cda000 rw-p 000ce000 08:12 7248005                    /usr/lib/jvm/java-17-openjdk-amd64/lib/libawt.so
7f6678cda000-7f6678cff000 rw-p 00000000 00:00 0 
7f6678cff000-7f6678d03000 ---p 00000000 00:00 0 
7f6678d03000-7f6678dff000 rw-p 00000000 00:00 0 
7f6678dff000-7f6678e00000 ---p 00000000 00:00 0 
7f6678e00000-7f6678f00000 rw-p 00000000 00:00 0 
7f6678f00000-7f6678f04000 ---p 00000000 00:00 0 
7f6678f04000-7f6679000000 rw-p 00000000 00:00 0 
7f6679000000-7f6679004000 ---p 00000000 00:00 0 
7f6679004000-7f6679100000 rw-p 00000000 00:00 0 
7f6679100000-7f6679104000 ---p 00000000 00:00 0 
7f6679104000-7f6679200000 rw-p 00000000 00:00 0 
7f6679200000-7f6679204000 ---p 00000000 00:00 0 
7f6679204000-7f6679300000 rw-p 00000000 00:00 0 
7f6679300000-7f6679304000 ---p 00000000 00:00 0 
7f6679304000-7f6679400000 rw-p 00000000 00:00 0 
7f6679400000-7f6679404000 ---p 00000000 00:00 0 
7f6679404000-7f6679500000 rw-p 00000000 00:00 0 
7f6679500000-7f6679504000 ---p 00000000 00:00 0 
7f6679504000-7f6679600000 rw-p 00000000 00:00 0 
7f6679600000-7f6679b75000 r--p 00000000 08:12 7209040                    /usr/lib/locale/locale-archive
7f6679c2e000-7f6679c32000 ---p 00000000 00:00 0 
7f6679c32000-7f6679d2e000 rw-p 00000000 00:00 0 
7f6679d2e000-7f6679d32000 ---p 00000000 00:00 0 
7f6679d32000-7f6679e2e000 rw-p 00000000 00:00 0 
7f6679e2e000-7f6679e2f000 ---p 00000000 00:00 0 
7f6679e2f000-7f6679f2f000 rw-p 00000000 00:00 0 
7f6679f2f000-7f6679f34000 r--p 00000000 08:12 7248022                    /usr/lib/jvm/java-17-openjdk-amd64/lib/libjsvml.so
7f6679f34000-7f6679f75000 r-xp 00005000 08:12 7248022                    /usr/lib/jvm/java-17-openjdk-amd64/lib/libjsvml.so
7f6679f75000-7f6679ffe000 r--p 00046000 08:12 7248022                    /usr/lib/jvm/java-17-openjdk-amd64/lib/libjsvml.so
7f6679ffe000-7f6679fff000 r--p 000ce000 08:12 7248022                    /usr/lib/jvm/java-17-openjdk-amd64/lib/libjsvml.so
7f6679fff000-7f667a000000 rw-p 000cf000 08:12 7248022                    /usr/lib/jvm/java-17-openjdk-amd64/lib/libjsvml.so
7f667a000000-7f667c021000 rw-p 00000000 00:00 0 
7f667c021000-7f6680000000 ---p 00000000 00:00 0 
7f6680000000-7f6680021000 rw-p 00000000 00:00 0 
7f6680021000-7f6684000000 ---p 00000000 00:00 0 
7f6684000000-7f6684021000 rw-p 00000000 00:00 0 
7f6684021000-7f6688000000 ---p 00000000 00:00 0 
7f668802a000-7f6688034000 r--p 00000000 08:12 7217723                    /usr/lib/x86_64-linux-gnu/liblcms2.so.2.0.14
7f6688034000-7f6688073000 r-xp 0000a000 08:12 7217723                    /usr/lib/x86_64-linux-gnu/liblcms2.so.2.0.14
7f6688073000-7f6688085000 r--p 00049000 08:12 7217723                    /usr/lib/x86_64-linux-gnu/liblcms2.so.2.0.14
7f6688085000-7f6688087000 r--p 0005b000 08:12 7217723                    /usr/lib/x86_64-linux-gnu/liblcms2.so.2.0.14
7f6688087000-7f668808a000 rw-p 0005d000 08:12 7217723                    /usr/lib/x86_64-linux-gnu/liblcms2.so.2.0.14
7f668808a000-7f668810d000 rw-p 00000000 00:00 0 
7f668810d000-7f668810e000 ---p 00000000 00:00 0 
7f668810e000-7f668820e000 rw-p 00000000 00:00 0 
7f668820e000-7f668820f000 ---p 00000000 00:00 0 
7f668820f000-7f668830f000 rw-p 00000000 00:00 0 
7f668830f000-7f6688713000 rw-p 00000000 00:00 0 
7f6688713000-7f6688714000 ---p 00000000 00:00 0 
7f6688714000-7f6688814000 rw-p 00000000 00:00 0 
7f6688814000-7f6688bfc000 rw-p 00000000 00:00 0 
7f6688bfc000-7f668c634000 ---p 00000000 00:00 0 
7f668c634000-7f668ca2c000 rw-p 00000000 00:00 0 
7f668ca2c000-7f6690464000 ---p 00000000 00:00 0 
7f6690464000-7f66904f1000 rw-p 00000000 00:00 0 
7f66904f1000-7f6690c38000 ---p 00000000 00:00 0 
7f6690c38000-7f6690cb7000 rw-p 00000000 00:00 0 
7f6690cb7000-7f66913fe000 ---p 00000000 00:00 0 
7f66913fe000-7f6691400000 rw-p 00000000 00:00 0 
7f6691400000-7f66916e0000 rwxp 00000000 00:00 0 
7f66916e0000-7f6698937000 ---p 00000000 00:00 0 
7f6698937000-7f6698ba7000 rwxp 00000000 00:00 0 
7f6698ba7000-7f6698ec8000 ---p 00000000 00:00 0 
7f6698ec8000-7f6699138000 rwxp 00000000 00:00 0 
7f6699138000-7f66a0400000 ---p 00000000 00:00 0 
7f66a0400000-7f66a7ed2000 r--s 00000000 08:12 7248037                    /usr/lib/jvm/java-17-openjdk-amd64/lib/modules
7f66a7eff000-7f66a7f00000 ---p 00000000 00:00 0 
7f66a7f00000-7f66a8000000 rw-p 00000000 00:00 0 
7f66a8000000-7f66a83d5000 rw-p 00000000 00:00 0 
7f66a83d5000-7f66ac000000 ---p 00000000 00:00 0 
7f66ac004000-7f66ac05f000 rw-p 00000000 00:00 0 
7f66ac05f000-7f66ac060000 ---p 00000000 00:00 0 
7f66ac060000-7f66ac160000 rw-p 00000000 00:00 0 
7f66ac160000-7f66ac1dd000 rw-p 00000000 00:00 0 
7f66ac1dd000-7f66ac924000 ---p 00000000 00:00 0 
7f66ac924000-7f66acd2f000 rw-p 00000000 00:00 0 
7f66acd2f000-7f66ace15000 ---p 00000000 00:00 0 
7f66ace15000-7f66ace1b000 rw-p 00000000 00:00 0 
7f66ace1b000-7f66acf00000 ---p 00000000 00:00 0 
7f66acf00000-7f66acf04000 ---p 00000000 00:00 0 
7f66acf04000-7f66ad000000 rw-p 00000000 00:00 0 
7f66ad000000-7f66ad09d000 r--p 00000000 08:12 7233019                    /usr/lib/x86_64-linux-gnu/libstdc++.so.6.0.33
7f66ad09d000-7f66ad1e5000 r-xp 0009d000 08:12 7233019                    /usr/lib/x86_64-linux-gnu/libstdc++.so.6.0.33
7f66ad1e5000-7f66ad26c000 r--p 001e5000 08:12 7233019                    /usr/lib/x86_64-linux-gnu/libstdc++.so.6.0.33
7f66ad26c000-7f66ad277000 r--p 0026b000 08:12 7233019                    /usr/lib/x86_64-linux-gnu/libstdc++.so.6.0.33
7f66ad277000-7f66ad27a000 rw-p 00276000 08:12 7233019                    /usr/lib/x86_64-linux-gnu/libstdc++.so.6.0.33
7f66ad27a000-7f66ad27e000 rw-p 00000000 00:00 0 
7f66ad288000-7f66ad28b000 r--p 00000000 08:12 7248006                    /usr/lib/jvm/java-17-openjdk-amd64/lib/libawt_headless.so
7f66ad28b000-7f66ad28f000 r-xp 00003000 08:12 7248006                    /usr/lib/jvm/java-17-openjdk-amd64/lib/libawt_headless.so
7f66ad28f000-7f66ad291000 r--p 00007000 08:12 7248006                    /usr/lib/jvm/java-17-openjdk-amd64/lib/libawt_headless.so
7f66ad291000-7f66ad292000 r--p 00008000 08:12 7248006                    /usr/lib/jvm/java-17-openjdk-amd64/lib/libawt_headless.so
7f66ad292000-7f66ad293000 rw-p 00009000 08:12 7248006                    /usr/lib/jvm/java-17-openjdk-amd64/lib/libawt_headless.so
7f66ad293000-7f66ad317000 rw-p 00000000 00:00 0 
7f66ad317000-7f66ad327000 r--p 00000000 08:12 7247699                    /usr/lib/x86_64-linux-gnu/libm.so.6
7f66ad327000-7f66ad3a6000 r-xp 00010000 08:12 7247699                    /usr/lib/x86_64-linux-gnu/libm.so.6
7f66ad3a6000-7f66ad3fe000 r--p 0008f000 08:12 7247699                    /usr/lib/x86_64-linux-gnu/libm.so.6
7f66ad3fe000-7f66ad3ff000 r--p 000e7000 08:12 7247699                    /usr/lib/x86_64-linux-gnu/libm.so.6
7f66ad3ff000-7f66ad400000 rw-p 000e8000 08:12 7247699                    /usr/lib/x86_64-linux-gnu/libm.so.6
7f66ad400000-7f66ad651000 r--p 00000000 08:12 7248043                    /usr/lib/jvm/java-17-openjdk-amd64/lib/server/libjvm.so
7f66ad651000-7f66ae3c3000 r-xp 00251000 08:12 7248043                    /usr/lib/jvm/java-17-openjdk-amd64/lib/server/libjvm.so
7f66ae3c3000-7f66ae644000 r--p 00fc3000 08:12 7248043                    /usr/lib/jvm/java-17-openjdk-amd64/lib/server/libjvm.so
7f66ae644000-7f66ae6fc000 r--p 01244000 08:12 7248043                    /usr/lib/jvm/java-17-openjdk-amd64/lib/server/libjvm.so
7f66ae6fc000-7f66ae731000 rw-p 012fc000 08:12 7248043                    /usr/lib/jvm/java-17-openjdk-amd64/lib/server/libjvm.so
7f66ae731000-7f66ae78b000 rw-p 00000000 00:00 0 
7f66ae78d000-7f66ae794000 r--s 00000000 08:12 7247685                    /usr/lib/x86_64-linux-gnu/gconv/gconv-modules.cache
7f66ae794000-7f66ae796000 r--p 00000000 08:12 7248036                    /usr/lib/jvm/java-17-openjdk-amd64/lib/libzip.so
7f66ae796000-7f66ae79b000 r-xp 00002000 08:12 7248036                    /usr/lib/jvm/java-17-openjdk-amd64/lib/libzip.so
7f66ae79b000-7f66ae79d000 r--p 00007000 08:12 7248036                    /usr/lib/jvm/java-17-openjdk-amd64/lib/libzip.so
7f66ae79d000-7f66ae79e000 r--p 00008000 08:12 7248036                    /usr/lib/jvm/java-17-openjdk-amd64/lib/libzip.so
7f66ae79e000-7f66ae79f000 rw-p 00009000 08:12 7248036                    /usr/lib/jvm/java-17-openjdk-amd64/lib/libzip.so
7f66ae79f000-7f66ae7a3000 r--p 00000000 08:12 7248028                    /usr/lib/jvm/java-17-openjdk-amd64/lib/libnet.so
7f66ae7a3000-7f66ae7b1000 r-xp 00004000 08:12 7248028                    /usr/lib/jvm/java-17-openjdk-amd64/lib/libnet.so
7f66ae7b1000-7f66ae7b5000 r--p 00012000 08:12 7248028                    /usr/lib/jvm/java-17-openjdk-amd64/lib/libnet.so
7f66ae7b5000-7f66ae7b6000 r--p 00015000 08:12 7248028                    /usr/lib/jvm/java-17-openjdk-amd64/lib/libnet.so
7f66ae7b6000-7f66ae7b7000 rw-p 00016000 08:12 7248028                    /usr/lib/jvm/java-17-openjdk-amd64/lib/libnet.so
7f66ae7b7000-7f66ae7be000 r--p 00000000 08:12 7248029                    /usr/lib/jvm/java-17-openjdk-amd64/lib/libnio.so
7f66ae7be000-7f66ae7c7000 r-xp 00007000 08:12 7248029                    /usr/lib/jvm/java-17-openjdk-amd64/lib/libnio.so
7f66ae7c7000-7f66ae7cb000 r--p 00010000 08:12 7248029                    /usr/lib/jvm/java-17-openjdk-amd64/lib/libnio.so
7f66ae7cb000-7f66ae7cc000 r--p 00014000 08:12 7248029                    /usr/lib/jvm/java-17-openjdk-amd64/lib/libnio.so
7f66ae7cc000-7f66ae7cd000 rw-p 00015000 08:12 7248029                    /usr/lib/jvm/java-17-openjdk-amd64/lib/libnio.so
7f66ae7cd000-7f66ae7d2000 rw-p 00000000 00:00 0 
7f66ae7d2000-7f66ae7d9000 ---p 00000000 00:00 0 
7f66ae7d9000-7f66ae7e5000 r--p 00000000 08:12 7248015                    /usr/lib/jvm/java-17-openjdk-amd64/lib/libjava.so
7f66ae7e5000-7f66ae7f7000 r-xp 0000c000 08:12 7248015                    /usr/lib/jvm/java-17-openjdk-amd64/lib/libjava.so
7f66ae7f7000-7f66ae7fd000 r--p 0001e000 08:12 7248015                    /usr/lib/jvm/java-17-openjdk-amd64/lib/libjava.so
7f66ae7fd000-7f66ae7fe000 r--p 00023000 08:12 7248015                    /usr/lib/jvm/java-17-openjdk-amd64/lib/libjava.so
7f66ae7fe000-7f66ae7ff000 rw-p 00024000 08:12 7248015                    /usr/lib/jvm/java-17-openjdk-amd64/lib/libjava.so
7f66ae7ff000-7f66ae800000 rw-p 00000000 00:00 0 
7f66ae800000-7f66ae828000 r--p 00000000 08:12 7247696                    /usr/lib/x86_64-linux-gnu/libc.so.6
7f66ae828000-7f66ae9b0000 r-xp 00028000 08:12 7247696                    /usr/lib/x86_64-linux-gnu/libc.so.6
7f66ae9b0000-7f66ae9ff000 r--p 001b0000 08:12 7247696                    /usr/lib/x86_64-linux-gnu/libc.so.6
7f66ae9ff000-7f66aea03000 r--p 001fe000 08:12 7247696                    /usr/lib/x86_64-linux-gnu/libc.so.6
7f66aea03000-7f66aea05000 rw-p 00202000 08:12 7247696                    /usr/lib/x86_64-linux-gnu/libc.so.6
7f66aea05000-7f66aea12000 rw-p 00000000 00:00 0 
7f66aea12000-7f66aea14000 r--p 00000000 08:12 7248023                    /usr/lib/jvm/java-17-openjdk-amd64/lib/liblcms.so
7f66aea14000-7f66aea16000 r-xp 00002000 08:12 7248023                    /usr/lib/jvm/java-17-openjdk-amd64/lib/liblcms.so
7f66aea16000-7f66aea17000 r--p 00004000 08:12 7248023                    /usr/lib/jvm/java-17-openjdk-amd64/lib/liblcms.so
7f66aea17000-7f66aea18000 r--p 00004000 08:12 7248023                    /usr/lib/jvm/java-17-openjdk-amd64/lib/liblcms.so
7f66aea18000-7f66aea19000 rw-p 00005000 08:12 7248023                    /usr/lib/jvm/java-17-openjdk-amd64/lib/liblcms.so
7f66aea19000-7f66aea21000 rw-s 00000000 08:12 3671674                    /tmp/hsperfdata_minh/176426
7f66aea21000-7f66aea25000 r--p 00000000 08:12 7218663                    /usr/lib/x86_64-linux-gnu/libgcc_s.so.1
7f66aea25000-7f66aea49000 r-xp 00004000 08:12 7218663                    /usr/lib/x86_64-linux-gnu/libgcc_s.so.1
7f66aea49000-7f66aea4d000 r--p 00028000 08:12 7218663                    /usr/lib/x86_64-linux-gnu/libgcc_s.so.1
7f66aea4d000-7f66aea4e000 r--p 0002b000 08:12 7218663                    /usr/lib/x86_64-linux-gnu/libgcc_s.so.1
7f66aea4e000-7f66aea4f000 rw-p 0002c000 08:12 7218663                    /usr/lib/x86_64-linux-gnu/libgcc_s.so.1
7f66aea4f000-7f66aea51000 rw-p 00000000 00:00 0 
7f66aea51000-7f66aea53000 r--p 00000000 08:12 7248019                    /usr/lib/jvm/java-17-openjdk-amd64/lib/libjli.so
7f66aea53000-7f66aea5d000 r-xp 00002000 08:12 7248019                    /usr/lib/jvm/java-17-openjdk-amd64/lib/libjli.so
7f66aea5d000-7f66aea60000 r--p 0000c000 08:12 7248019                    /usr/lib/jvm/java-17-openjdk-amd64/lib/libjli.so
7f66aea60000-7f66aea61000 r--p 0000f000 08:12 7248019                    /usr/lib/jvm/java-17-openjdk-amd64/lib/libjli.so
7f66aea61000-7f66aea62000 rw-p 00010000 08:12 7248019                    /usr/lib/jvm/java-17-openjdk-amd64/lib/libjli.so
7f66aea62000-7f66aea64000 r--p 00000000 08:12 7221114                    /usr/lib/x86_64-linux-gnu/libz.so.1.3
7f66aea64000-7f66aea76000 r-xp 00002000 08:12 7221114                    /usr/lib/x86_64-linux-gnu/libz.so.1.3
7f66aea76000-7f66aea7c000 r--p 00014000 08:12 7221114                    /usr/lib/x86_64-linux-gnu/libz.so.1.3
7f66aea7c000-7f66aea7d000 r--p 0001a000 08:12 7221114                    /usr/lib/x86_64-linux-gnu/libz.so.1.3
7f66aea7d000-7f66aea7e000 rw-p 0001b000 08:12 7221114                    /usr/lib/x86_64-linux-gnu/libz.so.1.3
7f66aea84000-7f66aea85000 ---p 00000000 00:00 0 
7f66aea85000-7f66aea86000 r--p 00000000 00:00 0 
7f66aea86000-7f66aea87000 ---p 00000000 00:00 0 
7f66aea87000-7f66aea89000 r--p 00000000 08:12 7248018                    /usr/lib/jvm/java-17-openjdk-amd64/lib/libjimage.so
7f66aea89000-7f66aea8c000 r-xp 00002000 08:12 7248018                    /usr/lib/jvm/java-17-openjdk-amd64/lib/libjimage.so
7f66aea8c000-7f66aea8d000 r--p 00005000 08:12 7248018                    /usr/lib/jvm/java-17-openjdk-amd64/lib/libjimage.so
7f66aea8d000-7f66aea8e000 r--p 00006000 08:12 7248018                    /usr/lib/jvm/java-17-openjdk-amd64/lib/libjimage.so
7f66aea8e000-7f66aea8f000 rw-p 00007000 08:12 7248018                    /usr/lib/jvm/java-17-openjdk-amd64/lib/libjimage.so
7f66aea8f000-7f66aea91000 rw-p 00000000 00:00 0 
7f66aea91000-7f66aea95000 r--p 00000000 00:00 0                          [vvar]
7f66aea95000-7f66aea97000 r--p 00000000 00:00 0                          [vvar_vclock]
7f66aea97000-7f66aea99000 r-xp 00000000 00:00 0                          [vdso]
7f66aea99000-7f66aea9a000 r--p 00000000 08:12 7247693                    /usr/lib/x86_64-linux-gnu/ld-linux-x86-64.so.2
7f66aea9a000-7f66aeac5000 r-xp 00001000 08:12 7247693                    /usr/lib/x86_64-linux-gnu/ld-linux-x86-64.so.2
7f66aeac5000-7f66aeacf000 r--p 0002c000 08:12 7247693                    /usr/lib/x86_64-linux-gnu/ld-linux-x86-64.so.2
7f66aeacf000-7f66aead1000 r--p 00036000 08:12 7247693                    /usr/lib/x86_64-linux-gnu/ld-linux-x86-64.so.2
7f66aead1000-7f66aead3000 rw-p 00038000 08:12 7247693                    /usr/lib/x86_64-linux-gnu/ld-linux-x86-64.so.2
7ffe6e850000-7ffe6e872000 rw-p 00000000 00:00 0                          [stack]
ffffffffff600000-ffffffffff601000 --xp 00000000 00:00 0                  [vsyscall]


VM Arguments:
jvm_args: -Djava.awt.headless=true -Dapple.awt.UIElement=true 
java_command: /media/minh/a90d50b9-c0a4-4995-9933-b44a73068a0e/VieTTS/.venv/lib/python3.12/site-packages/opendataloader_pdf/jar/opendataloader-pdf-cli.jar /tmp/tmp639fymyd/page_404.pdf --output-dir /tmp/tmp639fymyd/output --format json
java_class_path (initial): /media/minh/a90d50b9-c0a4-4995-9933-b44a73068a0e/VieTTS/.venv/lib/python3.12/site-packages/opendataloader_pdf/jar/opendataloader-pdf-cli.jar
Launcher Type: SUN_STANDARD

[Global flags]
     intx CICompilerCount                          = 3                                         {product} {ergonomic}
     uint ConcGCThreads                            = 1                                         {product} {ergonomic}
     uint G1ConcRefinementThreads                  = 4                                         {product} {ergonomic}
   size_t G1HeapRegionSize                         = 2097152                                   {product} {ergonomic}
    uintx GCDrainStackTargetSize                   = 64                                        {product} {ergonomic}
   size_t InitialHeapSize                          = 262144000                                 {product} {ergonomic}
   size_t MarkStackSize                            = 4194304                                   {product} {ergonomic}
   size_t MaxHeapSize                              = 4173332480                                {product} {ergonomic}
   size_t MaxNewSize                               = 2503999488                                {product} {ergonomic}
   size_t MinHeapDeltaBytes                        = 2097152                                   {product} {ergonomic}
   size_t MinHeapSize                              = 8388608                                   {product} {ergonomic}
    uintx NonNMethodCodeHeapSize                   = 5832780                                {pd product} {ergonomic}
    uintx NonProfiledCodeHeapSize                  = 122912730                              {pd product} {ergonomic}
    uintx ProfiledCodeHeapSize                     = 122912730                              {pd product} {ergonomic}
    uintx ReservedCodeCacheSize                    = 251658240                              {pd product} {ergonomic}
     bool SegmentedCodeCache                       = true                                      {product} {ergonomic}
   size_t SoftMaxHeapSize                          = 4173332480                             {manageable} {ergonomic}
     bool UseCompressedClassPointers               = true                           {product lp64_product} {ergonomic}
     bool UseCompressedOops                        = true                           {product lp64_product} {ergonomic}
     bool UseG1GC                                  = true                                      {product} {ergonomic}

Logging:
Log output configuration:
 #0: stdout all=warning uptime,level,tags
 #1: stderr all=off uptime,level,tags

Environment Variables:
PATH=/media/minh/a90d50b9-c0a4-4995-9933-b44a73068a0e/VieTTS/.venv/bin:/home/minh/.nvm/versions/node/v25.2.1/bin:/home/minh/.rbenv/shims:/home/minh/.rbenv/bin:/home/minh/phpcs/bin:/home/minh/.local/bin:/usr/local/sbin:/usr/local/bin:/usr/sbin:/usr/bin:/sbin:/bin:/usr/games:/usr/local/games:/snap/bin:/snap/bin
USERNAME=minh
LD_LIBRARY_PATH=/media/minh/a90d50b9-c0a4-4995-9933-b44a73068a0e/VieTTS/.venv/lib/python3.12/site-packages/cv2/../../lib64:
SHELL=/bin/bash
DISPLAY=:0
LANG=en_US.UTF-8
TERM=xterm-256color

Active Locale:
LC_ALL=en_US.UTF-8
LC_COLLATE=en_US.UTF-8
LC_CTYPE=en_US.UTF-8
LC_MESSAGES=en_US.UTF-8
LC_MONETARY=en_US.UTF-8
LC_NUMERIC=en_US.UTF-8
LC_TIME=en_US.UTF-8

Signal Handlers:
   SIGSEGV: crash_handler in libjvm.so, mask=11100100010111111101111111111110, flags=SA_RESTART|SA_SIGINFO, unblocked
    SIGBUS: crash_handler in libjvm.so, mask=11100100010111111101111111111110, flags=SA_RESTART|SA_SIGINFO, unblocked
    SIGFPE: crash_handler in libjvm.so, mask=11100100010111111101111111111110, flags=SA_RESTART|SA_SIGINFO, unblocked
   SIGPIPE: javaSignalHandler in libjvm.so, mask=11100100010111111101111111111110, flags=SA_RESTART|SA_SIGINFO, blocked
   SIGXFSZ: javaSignalHandler in libjvm.so, mask=11100100010111111101111111111110, flags=SA_RESTART|SA_SIGINFO, blocked
    SIGILL: crash_handler in libjvm.so, mask=11100100010111111101111111111110, flags=SA_RESTART|SA_SIGINFO, unblocked
   SIGUSR2: SR_handler in libjvm.so, mask=00000000000000000000000000000000, flags=SA_RESTART|SA_SIGINFO, blocked
    SIGHUP: UserHandler in libjvm.so, mask=11100100010111111101111111111110, flags=SA_RESTART|SA_SIGINFO, blocked
    SIGINT: UserHandler in libjvm.so, mask=11100100010111111101111111111110, flags=SA_RESTART|SA_SIGINFO, blocked
   SIGTERM: UserHandler in libjvm.so, mask=11100100010111111101111111111110, flags=SA_RESTART|SA_SIGINFO, blocked
   SIGQUIT: UserHandler in libjvm.so, mask=11100100010111111101111111111110, flags=SA_RESTART|SA_SIGINFO, blocked
   SIGTRAP: crash_handler in libjvm.so, mask=11100100010111111101111111111110, flags=SA_RESTART|SA_SIGINFO, unblocked


Periodic native trim disabled


---------------  S Y S T E M  ---------------

OS:
DISTRIB_ID=Ubuntu
DISTRIB_RELEASE=24.04
DISTRIB_CODENAME=noble
DISTRIB_DESCRIPTION="Ubuntu 24.04.3 LTS"
uname: Linux 6.17.0-23-generic #23~24.04.1-Ubuntu SMP PREEMPT_DYNAMIC Tue Apr 14 16:11:48 UTC 2 x86_64
OS uptime: 9 days 15:50 hours
libc: glibc 2.39 NPTL 2.39 
rlimit (soft/hard): STACK 8192k/infinity , CORE 0k/infinity , NPROC 62988/62988 , NOFILE 1048576/1048576 , AS infinity/infinity , CPU infinity/infinity , DATA infinity/infinity , FSIZE infinity/infinity , MEMLOCK 2036852k/2036852k
load average: 68.25 86.30 90.06

/proc/meminfo:
MemTotal:       16294820 kB
MemFree:        15375860 kB
MemAvailable:   15317076 kB
Buffers:           12660 kB
Cached:           148428 kB
SwapCached:         6732 kB
Active:           382268 kB
Inactive:         152748 kB
Active(anon):     280496 kB
Inactive(anon):   106836 kB
Active(file):     101772 kB
Inactive(file):    45912 kB
Unevictable:         116 kB
Mlocked:               0 kB
SwapTotal:       4194300 kB
SwapFree:        4024980 kB
Zswap:                 0 kB
Zswapped:              0 kB
Dirty:              3424 kB
Writeback:             0 kB
AnonPages:        367964 kB
Mapped:            63092 kB
Shmem:             13188 kB
KReclaimable:      74824 kB
Slab:             253228 kB
SReclaimable:      74824 kB
SUnreclaim:       178404 kB
KernelStack:        5856 kB
PageTables:        14788 kB
SecPageTables:      3264 kB
NFS_Unstable:          0 kB
Bounce:                0 kB
WritebackTmp:          0 kB
CommitLimit:    12341708 kB
Committed_AS:    2698500 kB
VmallocTotal:   34359738367 kB
VmallocUsed:       41804 kB
VmallocChunk:          0 kB
Percpu:             4736 kB
HardwareCorrupted:     0 kB
AnonHugePages:         0 kB
ShmemHugePages:        0 kB
ShmemPmdMapped:        0 kB
FileHugePages:         0 kB
FilePmdMapped:         0 kB
CmaTotal:              0 kB
CmaFree:               0 kB
Unaccepted:            0 kB
Balloon:               0 kB
HugePages_Total:       0
HugePages_Free:        0
HugePages_Rsvd:        0
HugePages_Surp:        0
Hugepagesize:       2048 kB
Hugetlb:               0 kB
DirectMap4k:      205552 kB
DirectMap2M:     6010880 kB
DirectMap1G:    11534336 kB

/sys/kernel/mm/transparent_hugepage/enabled: always [madvise] never
/sys/kernel/mm/transparent_hugepage/hpage_pmd_size: 2097152
/sys/kernel/mm/transparent_hugepage/defrag (defrag/compaction efforts parameter): always defer defer+madvise [madvise] never

Process Memory:
Virtual Size: 7343104K (peak: 7404636K)
Resident Set Size: 77080K (peak: 77080K) (anon: 71672K, file: 5408K, shmem: 0K)
Swapped out: 660K
C-Heap outstanding allocations: 18630K, retained: 10245K
glibc malloc tunables: (default)

/proc/sys/kernel/threads-max (system-wide limit on the number of threads): 125977
/proc/sys/vm/max_map_count (maximum number of memory map areas a process may have): 1048576
/proc/sys/vm/swappiness (control to define how aggressively the kernel swaps out anonymous memory): 60
/proc/sys/kernel/pid_max (system-wide limit on number of process identifiers): 4194304

container (cgroup) information:
container_type: cgroupv2
cpu_cpuset_cpus: not supported
cpu_memory_nodes: not supported
active_processor_count: 4
cpu_quota: not supported
cpu_period: not supported
cpu_shares: not supported
memory_limit_in_bytes: unlimited
memory_and_swap_limit_in_bytes: unlimited
memory_soft_limit_in_bytes: 0
memory_usage_in_bytes: 110988 k
memory_max_usage_in_bytes: not supported
rss_usage_in_bytes: 71672 k
cache_usage_in_bytes: 22112 k
memory_swap_current_in_bytes: 752 k
memory_swap_max_limit_in_bytes: unlimited
maximum number of tasks: 18896
current number of tasks: 23

Steal ticks since vm start: 0
Steal ticks percentage since vm start:  0.000

CPU: total 4 (initial active 4) (2 cores per cpu, 2 threads per core) family 6 model 61 stepping 4 microcode 0x2f, cx8, cmov, fxsr, ht, mmx, 3dnowpref, sse, sse2, sse3, ssse3, sse4.1, sse4.2, popcnt, lzcnt, tsc, tscinvbit, avx, avx2, aes, erms, clmul, bmi1, bmi2, adx, fma, vzeroupper, clflush
CPU Model and flags from /proc/cpuinfo:
model name	: Intel(R) Core(TM) i3-5005U CPU @ 2.00GHz
flags		: fpu vme de pse tsc msr pae mce cx8 apic sep mtrr pge mca cmov pat pse36 clflush dts acpi mmx fxsr sse sse2 ss ht tm pbe syscall nx pdpe1gb rdtscp lm constant_tsc arch_perfmon pebs bts rep_good nopl xtopology nonstop_tsc cpuid aperfmperf pni pclmulqdq dtes64 monitor ds_cpl vmx est tm2 ssse3 sdbg fma cx16 xtpr pdcm pcid sse4_1 sse4_2 x2apic movbe popcnt tsc_deadline_timer aes xsave avx f16c rdrand lahf_lm abm 3dnowprefetch cpuid_fault epb pti ssbd ibrs ibpb stibp tpr_shadow flexpriority ept vpid ept_ad fsgsbase tsc_adjust bmi1 avx2 smep bmi2 erms invpcid rdseed adx smap intel_pt xsaveopt dtherm arat pln pts vnmi md_clear flush_l1d

Online cpus: 0-3
Offline cpus: 
BIOS frequency limitation: <Not Available>
Frequency switch latency (ns): 20000
Available cpu frequencies: <Not Available>
Current governor: schedutil
Core performance/turbo boost: <Not Available>

Memory: 4k page, physical 16294820k(15371316k free), swap 4194300k(4024988k free)
Page Sizes: 4k

vm_info: OpenJDK 64-Bit Server VM (17.0.18+8-Ubuntu-124.04.1) for linux-amd64 JRE (17.0.18+8-Ubuntu-124.04.1), built on Jan 29 2026 04:05:05 by "buildd" with gcc 13.3.0

END.
